main.c:115:5:main	136	static
main.c:210:6:SystemClock_Config	88	static
main.c:254:13:MX_ADC1_Init	24	static
main.c:304:13:MX_SPI1_Init	8	static
main.c:342:13:MX_SPI2_Init	8	static
main.c:380:13:MX_SPI3_Init	8	static
main.c:418:13:MX_USART1_UART_Init	8	static
main.c:451:13:MX_USART2_UART_Init	8	static
main.c:484:13:MX_USB_OTG_FS_USB_Init	4	static
main.c:505:13:MX_GPIO_Init	48	static
main.c:573:6:startControlLogic	104	static
main.c:670:6:startAcquisition	16	static
main.c:706:6:startProcessing	24	static
main.c:759:6:startMonitoring	16	static
main.c:786:6:Error_Handler	4	static,ignoring_inline_asm
