Archive member included to satisfy reference by file (symbol)

c:/st/stm32cubeide_1.5.0/stm32cubeide/plugins/com.st.stm32cube.ide.mcu.externaltools.gnu-tools-for-stm32.7-2018-q2-update.win32_1.5.0.202011040924/tools/bin/../lib/gcc/arm-none-eabi/7.3.1/../../../../arm-none-eabi/lib/thumb/v7e-m/fpv4-sp/hard\libc_nano.a(lib_a-atof.o)
                              SrcPSP/acquisition.o (atof)
c:/st/stm32cubeide_1.5.0/stm32cubeide/plugins/com.st.stm32cube.ide.mcu.externaltools.gnu-tools-for-stm32.7-2018-q2-update.win32_1.5.0.202011040924/tools/bin/../lib/gcc/arm-none-eabi/7.3.1/../../../../arm-none-eabi/lib/thumb/v7e-m/fpv4-sp/hard\libc_nano.a(lib_a-atoi.o)
                              SrcPSP/acquisition.o (atoi)
c:/st/stm32cubeide_1.5.0/stm32cubeide/plugins/com.st.stm32cube.ide.mcu.externaltools.gnu-tools-for-stm32.7-2018-q2-update.win32_1.5.0.202011040924/tools/bin/../lib/gcc/arm-none-eabi/7.3.1/../../../../arm-none-eabi/lib/thumb/v7e-m/fpv4-sp/hard\libc_nano.a(lib_a-calloc.o)
                              SrcPSP/common.o (calloc)
c:/st/stm32cubeide_1.5.0/stm32cubeide/plugins/com.st.stm32cube.ide.mcu.externaltools.gnu-tools-for-stm32.7-2018-q2-update.win32_1.5.0.202011040924/tools/bin/../lib/gcc/arm-none-eabi/7.3.1/../../../../arm-none-eabi/lib/thumb/v7e-m/fpv4-sp/hard\libc_nano.a(lib_a-errno.o)
                              Core/Src/retarget.o (__errno)
c:/st/stm32cubeide_1.5.0/stm32cubeide/plugins/com.st.stm32cube.ide.mcu.externaltools.gnu-tools-for-stm32.7-2018-q2-update.win32_1.5.0.202011040924/tools/bin/../lib/gcc/arm-none-eabi/7.3.1/../../../../arm-none-eabi/lib/thumb/v7e-m/fpv4-sp/hard\libc_nano.a(lib_a-exit.o)
                              c:/st/stm32cubeide_1.5.0/stm32cubeide/plugins/com.st.stm32cube.ide.mcu.externaltools.gnu-tools-for-stm32.7-2018-q2-update.win32_1.5.0.202011040924/tools/bin/../lib/gcc/arm-none-eabi/7.3.1/../../../../arm-none-eabi/lib/thumb/v7e-m/fpv4-sp/hard/crt0.o (exit)
c:/st/stm32cubeide_1.5.0/stm32cubeide/plugins/com.st.stm32cube.ide.mcu.externaltools.gnu-tools-for-stm32.7-2018-q2-update.win32_1.5.0.202011040924/tools/bin/../lib/gcc/arm-none-eabi/7.3.1/../../../../arm-none-eabi/lib/thumb/v7e-m/fpv4-sp/hard\libc_nano.a(lib_a-impure.o)
                              c:/st/stm32cubeide_1.5.0/stm32cubeide/plugins/com.st.stm32cube.ide.mcu.externaltools.gnu-tools-for-stm32.7-2018-q2-update.win32_1.5.0.202011040924/tools/bin/../lib/gcc/arm-none-eabi/7.3.1/../../../../arm-none-eabi/lib/thumb/v7e-m/fpv4-sp/hard\libc_nano.a(lib_a-exit.o) (_global_impure_ptr)
c:/st/stm32cubeide_1.5.0/stm32cubeide/plugins/com.st.stm32cube.ide.mcu.externaltools.gnu-tools-for-stm32.7-2018-q2-update.win32_1.5.0.202011040924/tools/bin/../lib/gcc/arm-none-eabi/7.3.1/../../../../arm-none-eabi/lib/thumb/v7e-m/fpv4-sp/hard\libc_nano.a(lib_a-init.o)
                              c:/st/stm32cubeide_1.5.0/stm32cubeide/plugins/com.st.stm32cube.ide.mcu.externaltools.gnu-tools-for-stm32.7-2018-q2-update.win32_1.5.0.202011040924/tools/bin/../lib/gcc/arm-none-eabi/7.3.1/../../../../arm-none-eabi/lib/thumb/v7e-m/fpv4-sp/hard/crt0.o (__libc_init_array)
c:/st/stm32cubeide_1.5.0/stm32cubeide/plugins/com.st.stm32cube.ide.mcu.externaltools.gnu-tools-for-stm32.7-2018-q2-update.win32_1.5.0.202011040924/tools/bin/../lib/gcc/arm-none-eabi/7.3.1/../../../../arm-none-eabi/lib/thumb/v7e-m/fpv4-sp/hard\libc_nano.a(lib_a-malloc.o)
                              SrcPSP/common.o (free)
c:/st/stm32cubeide_1.5.0/stm32cubeide/plugins/com.st.stm32cube.ide.mcu.externaltools.gnu-tools-for-stm32.7-2018-q2-update.win32_1.5.0.202011040924/tools/bin/../lib/gcc/arm-none-eabi/7.3.1/../../../../arm-none-eabi/lib/thumb/v7e-m/fpv4-sp/hard\libc_nano.a(lib_a-memcpy-stub.o)
                              Middlewares/Third_Party/FreeRTOS/Source/queue.o (memcpy)
c:/st/stm32cubeide_1.5.0/stm32cubeide/plugins/com.st.stm32cube.ide.mcu.externaltools.gnu-tools-for-stm32.7-2018-q2-update.win32_1.5.0.202011040924/tools/bin/../lib/gcc/arm-none-eabi/7.3.1/../../../../arm-none-eabi/lib/thumb/v7e-m/fpv4-sp/hard\libc_nano.a(lib_a-memset.o)
                              c:/st/stm32cubeide_1.5.0/stm32cubeide/plugins/com.st.stm32cube.ide.mcu.externaltools.gnu-tools-for-stm32.7-2018-q2-update.win32_1.5.0.202011040924/tools/bin/../lib/gcc/arm-none-eabi/7.3.1/../../../../arm-none-eabi/lib/thumb/v7e-m/fpv4-sp/hard/crt0.o (memset)
c:/st/stm32cubeide_1.5.0/stm32cubeide/plugins/com.st.stm32cube.ide.mcu.externaltools.gnu-tools-for-stm32.7-2018-q2-update.win32_1.5.0.202011040924/tools/bin/../lib/gcc/arm-none-eabi/7.3.1/../../../../arm-none-eabi/lib/thumb/v7e-m/fpv4-sp/hard\libc_nano.a(lib_a-nano-callocr.o)
                              c:/st/stm32cubeide_1.5.0/stm32cubeide/plugins/com.st.stm32cube.ide.mcu.externaltools.gnu-tools-for-stm32.7-2018-q2-update.win32_1.5.0.202011040924/tools/bin/../lib/gcc/arm-none-eabi/7.3.1/../../../../arm-none-eabi/lib/thumb/v7e-m/fpv4-sp/hard\libc_nano.a(lib_a-calloc.o) (_calloc_r)
[...]
Memory Configuration

Name             Origin             Length             Attributes
RAM              0x0000000020000000 0x0000000000020000 xrw
FLASH            0x0000000008000000 0x0000000000080000 xr
*default*        0x0000000000000000 0xffffffffffffffff

Linker script and memory map

LOAD c:/st/stm32cubeide_1.5.0/stm32cubeide/plugins/com.st.stm32cube.ide.mcu.externaltools.gnu-tools-for-stm32.7-2018-q2-update.win32_1.5.0.202011040924/tools/bin/../lib/gcc/arm-none-eabi/7.3.1/thumb/v7e-m/fpv4-sp/hard/crti.o
LOAD c:/st/stm32cubeide_1.5.0/stm32cubeide/plugins/com.st.stm32cube.ide.mcu.externaltools.gnu-tools-for-stm32.7-2018-q2-update.win32_1.5.0.202011040924/tools/bin/../lib/gcc/arm-none-eabi/7.3.1/thumb/v7e-m/fpv4-sp/hard/crtbegin.o
LOAD c:/st/stm32cubeide_1.5.0/stm32cubeide/plugins/com.st.stm32cube.ide.mcu.externaltools.gnu-tools-for-stm32.7-2018-q2-update.win32_1.5.0.202011040924/tools/bin/../lib/gcc/arm-none-eabi/7.3.1/../../../../arm-none-eabi/lib/thumb/v7e-m/fpv4-sp/hard/crt0.o
LOAD Core/Src/freertos.o
LOAD Core/Src/main.o
LOAD Core/Src/retarget.o
LOAD Core/Src/stm32f4xx_hal_msp.o
LOAD Core/Src/stm32f4xx_it.o
LOAD Core/Src/sysmem.o
LOAD Core/Src/system_stm32f4xx.o
LOAD Core/Startup/startup_stm32f411retx.o
LOAD Drivers/STM32F4xx_HAL_Driver/Src/stm32f4xx_hal.o
LOAD Drivers/STM32F4xx_HAL_Driver/Src/stm32f4xx_hal_cortex.o
LOAD Drivers/STM32F4xx_HAL_Driver/Src/stm32f4xx_hal_dma.o
LOAD Drivers/STM32F4xx_HAL_Driver/Src/stm32f4xx_hal_dma_ex.o
LOAD Drivers/STM32F4xx_HAL_Driver/Src/stm32f4xx_hal_exti.o
LOAD Drivers/STM32F4xx_HAL_Driver/Src/stm32f4xx_hal_flash.o
LOAD Drivers/STM32F4xx_HAL_Driver/Src/stm32f4xx_hal_flash_ex.o
LOAD Drivers/STM32F4xx_HAL_Driver/Src/stm32f4xx_hal_flash_ramfunc.o
LOAD Drivers/STM32F4xx_HAL_Driver/Src/stm32f4xx_hal_gpio.o
LOAD Drivers/STM32F4xx_HAL_Driver/Src/stm32f4xx_hal_pwr.o
LOAD Drivers/STM32F4xx_HAL_Driver/Src/stm32f4xx_hal_pwr_ex.o
LOAD Drivers/STM32F4xx_HAL_Driver/Src/stm32f4xx_hal_rcc.o
LOAD Drivers/STM32F4xx_HAL_Driver/Src/stm32f4xx_hal_rcc_ex.o
LOAD Drivers/STM32F4xx_HAL_Driver/Src/stm32f4xx_hal_tim.o
LOAD Drivers/STM32F4xx_HAL_Driver/Src/stm32f4xx_hal_tim_ex.o
LOAD Drivers/STM32F4xx_HAL_Driver/Src/stm32f4xx_hal_uart.o
LOAD Middlewares/Third_Party/FreeRTOS/Source/CMSIS_RTOS/cmsis_os.o
LOAD Middlewares/Third_Party/FreeRTOS/Source/croutine.o
LOAD Middlewares/Third_Party/FreeRTOS/Source/event_groups.o
LOAD Middlewares/Third_Party/FreeRTOS/Source/list.o
LOAD Middlewares/Third_Party/FreeRTOS/Source/queue.o
LOAD Middlewares/Third_Party/FreeRTOS/Source/stream_buffer.o
LOAD Middlewares/Third_Party/FreeRTOS/Source/tasks.o
LOAD Middlewares/Third_Party/FreeRTOS/Source/timers.o
LOAD Middlewares/Third_Party/FreeRTOS/Source/portable/GCC/ARM_CM4F/port.o
LOAD Middlewares/Third_Party/FreeRTOS/Source/portable/MemMang/heap_4.o
LOAD SrcInterface/baroInterface.o
LOAD SrcInterface/genericInterface.o
LOAD SrcInterface/nandInterface.o
LOAD SrcPSP/acquisition.o
LOAD SrcPSP/common.o
LOAD SrcPSP/controlLogic.o
LOAD SrcPSP/monitoring.o
LOAD SrcPSP/processing.o
LOAD SrcPSP/storage.o
LOAD SrcPSP/transmission.o
START GROUP
LOAD c:/st/stm32cubeide_1.5.0/stm32cubeide/plugins/com.st.stm32cube.ide.mcu.externaltools.gnu-tools-for-stm32.7-2018-q2-update.win32_1.5.0.202011040924/tools/bin/../lib/gcc/arm-none-eabi/7.3.1/../../../../arm-none-eabi/lib/thumb/v7e-m/fpv4-sp/hard\libc_nano.a
LOAD c:/st/stm32cubeide_1.5.0/stm32cubeide/plugins/com.st.stm32cube.ide.mcu.externaltools.gnu-tools-for-stm32.7-2018-q2-update.win32_1.5.0.202011040924/tools/bin/../lib/gcc/arm-none-eabi/7.3.1/../../../../arm-none-eabi/lib/thumb/v7e-m/fpv4-sp/hard\libm.a
END GROUP
START GROUP
LOAD c:/st/stm32cubeide_1.5.0/stm32cubeide/plugins/com.st.stm32cube.ide.mcu.externaltools.gnu-tools-for-stm32.7-2018-q2-update.win32_1.5.0.202011040924/tools/bin/../lib/gcc/arm-none-eabi/7.3.1/thumb/v7e-m/fpv4-sp/hard\libgcc.a
LOAD c:/st/stm32cubeide_1.5.0/stm32cubeide/plugins/com.st.stm32cube.ide.mcu.externaltools.gnu-tools-for-stm32.7-2018-q2-update.win32_1.5.0.202011040924/tools/bin/../lib/gcc/arm-none-eabi/7.3.1/../../../../arm-none-eabi/lib/thumb/v7e-m/fpv4-sp/hard\libc_nano.a
END GROUP
START GROUP
LOAD c:/st/stm32cubeide_1.5.0/stm32cubeide/plugins/com.st.stm32cube.ide.mcu.externaltools.gnu-tools-for-stm32.7-2018-q2-update.win32_1.5.0.202011040924/tools/bin/../lib/gcc/arm-none-eabi/7.3.1/thumb/v7e-m/fpv4-sp/hard\libgcc.a
LOAD c:/st/stm32cubeide_1.5.0/stm32cubeide/plugins/com.st.stm32cube.ide.mcu.externaltools.gnu-tools-for-stm32.7-2018-q2-update.win32_1.5.0.202011040924/tools/bin/../lib/gcc/arm-none-eabi/7.3.1/../../../../arm-none-eabi/lib/thumb/v7e-m/fpv4-sp/hard\libc_nano.a
LOAD c:/st/stm32cubeide_1.5.0/stm32cubeide/plugins/com.st.stm32cube.ide.mcu.externaltools.gnu-tools-for-stm32.7-2018-q2-update.win32_1.5.0.202011040924/tools/bin/../lib/gcc/arm-none-eabi/7.3.1/../../../../arm-none-eabi/lib/thumb/v7e-m/fpv4-sp/hard\libnosys.a
END GROUP
START GROUP
LOAD c:/st/stm32cubeide_1.5.0/stm32cubeide/plugins/com.st.stm32cube.ide.mcu.externaltools.gnu-tools-for-stm32.7-2018-q2-update.win32_1.5.0.202011040924/tools/bin/../lib/gcc/arm-none-eabi/7.3.1/thumb/v7e-m/fpv4-sp/hard\libgcc.a
LOAD c:/st/stm32cubeide_1.5.0/stm32cubeide/plugins/com.st.stm32cube.ide.mcu.externaltools.gnu-tools-for-stm32.7-2018-q2-update.win32_1.5.0.202011040924/tools/bin/../lib/gcc/arm-none-eabi/7.3.1/../../../../arm-none-eabi/lib/thumb/v7e-m/fpv4-sp/hard\libc_nano.a
LOAD c:/st/stm32cubeide_1.5.0/stm32cubeide/plugins/com.st.stm32cube.ide.mcu.externaltools.gnu-tools-for-stm32.7-2018-q2-update.win32_1.5.0.202011040924/tools/bin/../lib/gcc/arm-none-eabi/7.3.1/../../../../arm-none-eabi/lib/thumb/v7e-m/fpv4-sp/hard\libnosys.a
END GROUP
LOAD c:/st/stm32cubeide_1.5.0/stm32cubeide/plugins/com.st.stm32cube.ide.mcu.externaltools.gnu-tools-for-stm32.7-2018-q2-update.win32_1.5.0.202011040924/tools/bin/../lib/gcc/arm-none-eabi/7.3.1/thumb/v7e-m/fpv4-sp/hard/crtend.o
LOAD c:/st/stm32cubeide_1.5.0/stm32cubeide/plugins/com.st.stm32cube.ide.mcu.externaltools.gnu-tools-for-stm32.7-2018-q2-update.win32_1.5.0.202011040924/tools/bin/../lib/gcc/arm-none-eabi/7.3.1/thumb/v7e-m/fpv4-sp/hard/crtn.o
                0x0000000020020000                _estack = (ORIGIN (RAM) + LENGTH (RAM))
                0x0000000000000200                _Min_Heap_Size = 0x200
                0x0000000000000400                _Min_Stack_Size = 0x400

.isr_vector     0x0000000008000000      0x198
                0x0000000008000000                . = ALIGN (0x4)
 *(.isr_vector)
 .isr_vector    0x0000000008000000      0x198 Core/Startup/startup_stm32f411retx.o
                0x0000000008000000                g_pfnVectors
                0x0000000008000198                . = ALIGN (0x4)

.text           0x00000000080001a0     0x5220
                0x00000000080001a0                . = ALIGN (0x4)
 *(.text)
 .text          0x00000000080001a0       0x40 c:/st/stm32cubeide_1.5.0/stm32cubeide/plugins/com.st.stm32cube.ide.mcu.externaltools.gnu-tools-for-stm32.7-2018-q2-update.win32_1.5.0.202011040924/tools/bin/../lib/gcc/arm-none-eabi/7.3.1/thumb/v7e-m/fpv4-sp/hard/crtbegin.o
 .text          0x00000000080001e0       0xa0 c:/st/stm32cubeide_1.5.0/stm32cubeide/plugins/com.st.stm32cube.ide.mcu.externaltools.gnu-tools-for-stm32.7-2018-q2-update.win32_1.5.0.202011040924/tools/bin/../lib/gcc/arm-none-eabi/7.3.1/../../../../arm-none-eabi/lib/thumb/v7e-m/fpv4-sp/hard\libc_nano.a(lib_a-memchr.o)
                0x00000000080001e0                memchr
 .text          0x0000000008000280       0x30 c:/st/stm32cubeide_1.5.0/stm32cubeide/plugins/com.st.stm32cube.ide.mcu.externaltools.gnu-tools-for-stm32.7-2018-q2-update.win32_1.5.0.202011040924/tools/bin/../lib/gcc/arm-none-eabi/7.3.1/thumb/v7e-m/fpv4-sp/hard\libgcc.a(_aeabi_uldivmod.o)
                0x0000000008000280                __aeabi_uldivmod
 .text          0x00000000080002b0      0x2cc c:/st/stm32cubeide_1.5.0/stm32cubeide/plugins/com.st.stm32cube.ide.mcu.externaltools.gnu-tools-for-stm32.7-2018-q2-update.win32_1.5.0.202011040924/tools/bin/../lib/gcc/arm-none-eabi/7.3.1/thumb/v7e-m/fpv4-sp/hard\libgcc.a(_udivmoddi4.o)
                0x00000000080002b0                __udivmoddi4
 .text          0x000000000800057c        0x4 c:/st/stm32cubeide_1.5.0/stm32cubeide/plugins/com.st.stm32cube.ide.mcu.externaltools.gnu-tools-for-stm32.7-2018-q2-update.win32_1.5.0.202011040924/tools/bin/../lib/gcc/arm-none-eabi/7.3.1/thumb/v7e-m/fpv4-sp/hard\libgcc.a(_dvmd_tls.o)
                0x000000000800057c                __aeabi_idiv0
                0x000000000800057c                __aeabi_ldiv0
 *(.text*)
 .text.vApplicationGetIdleTaskMemory
                0x0000000008000580       0x34 Core/Src/freertos.o
                0x0000000008000580                vApplicationGetIdleTaskMemory
 .text.main     0x00000000080005b4      0x110 Core/Src/main.o
                0x00000000080005b4                main
 .text.SystemClock_Config
                0x00000000080006c4       0xd4 Core/Src/main.o
                0x00000000080006c4                SystemClock_Config
 .text.MX_USART2_UART_Init
                0x0000000008000798       0x54 Core/Src/main.o
 .text.MX_GPIO_Init
                0x00000000080007ec       0xe0 Core/Src/main.o
 .text.startControlLogic
                0x00000000080008cc       0x34 Core/Src/main.o
                0x00000000080008cc                startControlLogic
 .text.startAcquisition
                0x0000000008000900       0x74 Core/Src/main.o
                0x0000000008000900                startAcquisition
 .text.startProcessing
                0x0000000008000974       0x5c Core/Src/main.o
                0x0000000008000974                startProcessing
 .text.startMonitoring
                0x00000000080009d0       0x18 Core/Src/main.o
                0x00000000080009d0                startMonitoring
 .text.Error_Handler
                0x00000000080009e8        0x8 Core/Src/main.o
                0x00000000080009e8                Error_Handler
 .text.RetargetInit
                0x00000000080009f0       0x30 Core/Src/retarget.o
                0x00000000080009f0                RetargetInit
 .text._isatty  0x0000000008000a20       0x2c Core/Src/retarget.o
                0x0000000008000a20                _isatty
 .text._write   0x0000000008000a4c       0x58 Core/Src/retarget.o
                0x0000000008000a4c                _write
 .text._close   0x0000000008000aa4       0x2e Core/Src/retarget.o
                0x0000000008000aa4                _close
 .text._lseek   0x0000000008000ad2       0x22 Core/Src/retarget.o
                0x0000000008000ad2                _lseek
 .text._read    0x0000000008000af4       0x50 Core/Src/retarget.o
                0x0000000008000af4                _read
 .text._fstat   0x0000000008000b44       0x36 Core/Src/retarget.o
                0x0000000008000b44                _fstat
 *fill*         0x0000000008000b7a        0x2 
 .text.HAL_MspInit
                0x0000000008000b7c       0x58 Core/Src/stm32f4xx_hal_msp.o
                0x0000000008000b7c                HAL_MspInit
 .text.HAL_UART_MspInit
                0x0000000008000bd4       0x90 Core/Src/stm32f4xx_hal_msp.o
                0x0000000008000bd4                HAL_UART_MspInit
 .text.NMI_Handler
                0x0000000008000c64        0x6 Core/Src/stm32f4xx_it.o
                0x0000000008000c64                NMI_Handler
 .text.HardFault_Handler
                0x0000000008000c6a        0x6 Core/Src/stm32f4xx_it.o
                0x0000000008000c6a                HardFault_Handler
 .text.MemManage_Handler
                0x0000000008000c70        0x6 Core/Src/stm32f4xx_it.o
                0x0000000008000c70                MemManage_Handler
 .text.BusFault_Handler
                0x0000000008000c76        0x6 Core/Src/stm32f4xx_it.o
                0x0000000008000c76                BusFault_Handler
 .text.UsageFault_Handler
                0x0000000008000c7c        0x6 Core/Src/stm32f4xx_it.o
                0x0000000008000c7c                UsageFault_Handler
 .text.DebugMon_Handler
                0x0000000008000c82        0xe Core/Src/stm32f4xx_it.o
                0x0000000008000c82                DebugMon_Handler
 .text.SysTick_Handler
                0x0000000008000c90       0x1a Core/Src/stm32f4xx_it.o
                0x0000000008000c90                SysTick_Handler
 *fill*         0x0000000008000caa        0x2 
 .text._sbrk    0x0000000008000cac       0x6c Core/Src/sysmem.o
                0x0000000008000cac                _sbrk
 .text.SystemInit
                0x0000000008000d18       0x2c Core/Src/system_stm32f4xx.o
                0x0000000008000d18                SystemInit
 .text.Reset_Handler
                0x0000000008000d44       0x50 Core/Startup/startup_stm32f411retx.o
                0x0000000008000d44                Reset_Handler
 .text.Default_Handler
                0x0000000008000d94        0x2 Core/Startup/startup_stm32f411retx.o
                0x0000000008000d94                RTC_Alarm_IRQHandler
                0x0000000008000d94                EXTI2_IRQHandler
                0x0000000008000d94                SPI4_IRQHandler
                0x0000000008000d94                TIM1_CC_IRQHandler
                0x0000000008000d94                DMA2_Stream5_IRQHandler
                0x0000000008000d94                DMA1_Stream5_IRQHandler
                0x0000000008000d94                PVD_IRQHandler
                0x0000000008000d94                SDIO_IRQHandler
                0x0000000008000d94                TAMP_STAMP_IRQHandler
                0x0000000008000d94                EXTI3_IRQHandler
                0x0000000008000d94                TIM1_UP_TIM10_IRQHandler
                0x0000000008000d94                I2C3_ER_IRQHandler
                0x0000000008000d94                EXTI0_IRQHandler
                0x0000000008000d94                I2C2_EV_IRQHandler
                0x0000000008000d94                DMA1_Stream2_IRQHandler
                0x0000000008000d94                FPU_IRQHandler
                0x0000000008000d94                DMA2_Stream2_IRQHandler
                0x0000000008000d94                SPI1_IRQHandler
                0x0000000008000d94                TIM1_BRK_TIM9_IRQHandler
                0x0000000008000d94                DMA2_Stream3_IRQHandler
                0x0000000008000d94                USART6_IRQHandler
                0x0000000008000d94                DMA2_Stream0_IRQHandler
                0x0000000008000d94                TIM4_IRQHandler
                0x0000000008000d94                I2C1_EV_IRQHandler
                0x0000000008000d94                DMA1_Stream6_IRQHandler
                0x0000000008000d94                DMA1_Stream1_IRQHandler
                0x0000000008000d94                TIM3_IRQHandler
                0x0000000008000d94                RCC_IRQHandler
                0x0000000008000d94                Default_Handler
                0x0000000008000d94                EXTI15_10_IRQHandler
                0x0000000008000d94                ADC_IRQHandler
                0x0000000008000d94                DMA1_Stream7_IRQHandler
                0x0000000008000d94                SPI5_IRQHandler
                0x0000000008000d94                TIM5_IRQHandler
                0x0000000008000d94                DMA2_Stream7_IRQHandler
                0x0000000008000d94                I2C3_EV_IRQHandler
                0x0000000008000d94                EXTI9_5_IRQHandler
                0x0000000008000d94                RTC_WKUP_IRQHandler
                0x0000000008000d94                SPI2_IRQHandler
                0x0000000008000d94                DMA1_Stream0_IRQHandler
                0x0000000008000d94                EXTI4_IRQHandler
                0x0000000008000d94                WWDG_IRQHandler
                0x0000000008000d94                TIM2_IRQHandler
                0x0000000008000d94                OTG_FS_WKUP_IRQHandler
                0x0000000008000d94                TIM1_TRG_COM_TIM11_IRQHandler
                0x0000000008000d94                EXTI1_IRQHandler
                0x0000000008000d94                USART2_IRQHandler
                0x0000000008000d94                I2C2_ER_IRQHandler
                0x0000000008000d94                DMA2_Stream1_IRQHandler
                0x0000000008000d94                FLASH_IRQHandler
                0x0000000008000d94                DMA2_Stream4_IRQHandler
                0x0000000008000d94                USART1_IRQHandler
                0x0000000008000d94                OTG_FS_IRQHandler
                0x0000000008000d94                SPI3_IRQHandler
                0x0000000008000d94                DMA1_Stream4_IRQHandler
                0x0000000008000d94                I2C1_ER_IRQHandler
                0x0000000008000d94                DMA2_Stream6_IRQHandler
                0x0000000008000d94                DMA1_Stream3_IRQHandler
 *fill*         0x0000000008000d96        0x2 
 .text.HAL_Init
                0x0000000008000d98       0x44 Drivers/STM32F4xx_HAL_Driver/Src/stm32f4xx_hal.o
                0x0000000008000d98                HAL_Init
 .text.HAL_InitTick
                0x0000000008000ddc       0x60 Drivers/STM32F4xx_HAL_Driver/Src/stm32f4xx_hal.o
                0x0000000008000ddc                HAL_InitTick
 .text.HAL_IncTick
                0x0000000008000e3c       0x28 Drivers/STM32F4xx_HAL_Driver/Src/stm32f4xx_hal.o
                0x0000000008000e3c                HAL_IncTick
 .text.HAL_GetTick
                0x0000000008000e64       0x18 Drivers/STM32F4xx_HAL_Driver/Src/stm32f4xx_hal.o
                0x0000000008000e64                HAL_GetTick
 .text.HAL_Delay
                0x0000000008000e7c       0x44 Drivers/STM32F4xx_HAL_Driver/Src/stm32f4xx_hal.o
                0x0000000008000e7c                HAL_Delay
 .text.__NVIC_SetPriorityGrouping
                0x0000000008000ec0       0x48 Drivers/STM32F4xx_HAL_Driver/Src/stm32f4xx_hal_cortex.o
 .text.__NVIC_GetPriorityGrouping
                0x0000000008000f08       0x1c Drivers/STM32F4xx_HAL_Driver/Src/stm32f4xx_hal_cortex.o
 .text.__NVIC_SetPriority
                0x0000000008000f24       0x54 Drivers/STM32F4xx_HAL_Driver/Src/stm32f4xx_hal_cortex.o
 .text.NVIC_EncodePriority
                0x0000000008000f78       0x66 Drivers/STM32F4xx_HAL_Driver/Src/stm32f4xx_hal_cortex.o
 *fill*         0x0000000008000fde        0x2 
 .text.SysTick_Config
                0x0000000008000fe0       0x44 Drivers/STM32F4xx_HAL_Driver/Src/stm32f4xx_hal_cortex.o
 .text.HAL_NVIC_SetPriorityGrouping
                0x0000000008001024       0x16 Drivers/STM32F4xx_HAL_Driver/Src/stm32f4xx_hal_cortex.o
                0x0000000008001024                HAL_NVIC_SetPriorityGrouping
 .text.HAL_NVIC_SetPriority
                0x000000000800103a       0x38 Drivers/STM32F4xx_HAL_Driver/Src/stm32f4xx_hal_cortex.o
                0x000000000800103a                HAL_NVIC_SetPriority
 .text.HAL_SYSTICK_Config
                0x0000000008001072       0x18 Drivers/STM32F4xx_HAL_Driver/Src/stm32f4xx_hal_cortex.o
                0x0000000008001072                HAL_SYSTICK_Config
 *fill*         0x000000000800108a        0x2 
 .text.HAL_GPIO_Init
                0x000000000800108c      0x304 Drivers/STM32F4xx_HAL_Driver/Src/stm32f4xx_hal_gpio.o
                0x000000000800108c                HAL_GPIO_Init
 .text.HAL_GPIO_ReadPin
                0x0000000008001390       0x30 Drivers/STM32F4xx_HAL_Driver/Src/stm32f4xx_hal_gpio.o
                0x0000000008001390                HAL_GPIO_ReadPin
 .text.HAL_GPIO_WritePin
                0x00000000080013c0       0x32 Drivers/STM32F4xx_HAL_Driver/Src/stm32f4xx_hal_gpio.o
                0x00000000080013c0                HAL_GPIO_WritePin
 *fill*         0x00000000080013f2        0x2 
 .text.HAL_RCC_OscConfig
                0x00000000080013f4      0x4e0 Drivers/STM32F4xx_HAL_Driver/Src/stm32f4xx_hal_rcc.o
                0x00000000080013f4                HAL_RCC_OscConfig
 .text.HAL_RCC_ClockConfig
                0x00000000080018d4      0x1cc Drivers/STM32F4xx_HAL_Driver/Src/stm32f4xx_hal_rcc.o
                0x00000000080018d4                HAL_RCC_ClockConfig
 .text.HAL_RCC_GetSysClockFreq
                0x0000000008001aa0      0x1b0 Drivers/STM32F4xx_HAL_Driver/Src/stm32f4xx_hal_rcc.o
                0x0000000008001aa0                HAL_RCC_GetSysClockFreq
 .text.HAL_RCC_GetHCLKFreq
                0x0000000008001c50       0x18 Drivers/STM32F4xx_HAL_Driver/Src/stm32f4xx_hal_rcc.o
                0x0000000008001c50                HAL_RCC_GetHCLKFreq
 .text.HAL_RCC_GetPCLK1Freq
                0x0000000008001c68       0x28 Drivers/STM32F4xx_HAL_Driver/Src/stm32f4xx_hal_rcc.o
                0x0000000008001c68                HAL_RCC_GetPCLK1Freq
 .text.HAL_RCC_GetPCLK2Freq
                0x0000000008001c90       0x28 Drivers/STM32F4xx_HAL_Driver/Src/stm32f4xx_hal_rcc.o
                0x0000000008001c90                HAL_RCC_GetPCLK2Freq
 .text.HAL_UART_Init
                0x0000000008001cb8       0x9a Drivers/STM32F4xx_HAL_Driver/Src/stm32f4xx_hal_uart.o
                0x0000000008001cb8                HAL_UART_Init
 .text.HAL_UART_Transmit
                0x0000000008001d52      0x132 Drivers/STM32F4xx_HAL_Driver/Src/stm32f4xx_hal_uart.o
                0x0000000008001d52                HAL_UART_Transmit
 .text.HAL_UART_Receive
                0x0000000008001e84      0x14c Drivers/STM32F4xx_HAL_Driver/Src/stm32f4xx_hal_uart.o
                0x0000000008001e84                HAL_UART_Receive
 .text.UART_WaitOnFlagUntilTimeout
                0x0000000008001fd0       0x94 Drivers/STM32F4xx_HAL_Driver/Src/stm32f4xx_hal_uart.o
 .text.UART_SetConfig
                0x0000000008002064      0x6f8 Drivers/STM32F4xx_HAL_Driver/Src/stm32f4xx_hal_uart.o
 .text.makeFreeRtosPriority
                0x000000000800275c       0x30 Middlewares/Third_Party/FreeRTOS/Source/CMSIS_RTOS/cmsis_os.o
 .text.osKernelStart
                0x000000000800278c        0xe Middlewares/Third_Party/FreeRTOS/Source/CMSIS_RTOS/cmsis_os.o
                0x000000000800278c                osKernelStart
 .text.osThreadCreate
                0x000000000800279a       0x98 Middlewares/Third_Party/FreeRTOS/Source/CMSIS_RTOS/cmsis_os.o
                0x000000000800279a                osThreadCreate
 .text.vListInitialise
                0x0000000008002832       0x40 Middlewares/Third_Party/FreeRTOS/Source/list.o
                0x0000000008002832                vListInitialise
 .text.vListInitialiseItem
                0x0000000008002872       0x1a Middlewares/Third_Party/FreeRTOS/Source/list.o
                0x0000000008002872                vListInitialiseItem
 .text.vListInsertEnd
                0x000000000800288c       0x48 Middlewares/Third_Party/FreeRTOS/Source/list.o
                0x000000000800288c                vListInsertEnd
 .text.vListInsert
                0x00000000080028d4       0x72 Middlewares/Third_Party/FreeRTOS/Source/list.o
                0x00000000080028d4                vListInsert
 .text.uxListRemove
                0x0000000008002946       0x54 Middlewares/Third_Party/FreeRTOS/Source/list.o
                0x0000000008002946                uxListRemove
 .text.xTaskCreateStatic
                0x000000000800299a       0xb4 Middlewares/Third_Party/FreeRTOS/Source/tasks.o
                0x000000000800299a                xTaskCreateStatic
 .text.xTaskCreate
                0x0000000008002a4e       0x8a Middlewares/Third_Party/FreeRTOS/Source/tasks.o
                0x0000000008002a4e                xTaskCreate
 .text.prvInitialiseNewTask
                0x0000000008002ad8      0x10c Middlewares/Third_Party/FreeRTOS/Source/tasks.o
 .text.prvAddNewTaskToReadyList
                0x0000000008002be4       0xd4 Middlewares/Third_Party/FreeRTOS/Source/tasks.o
 .text.vTaskDelete
                0x0000000008002cb8      0x11c Middlewares/Third_Party/FreeRTOS/Source/tasks.o
                0x0000000008002cb8                vTaskDelete
 .text.vTaskDelayUntil
                0x0000000008002dd4       0xf4 Middlewares/Third_Party/FreeRTOS/Source/tasks.o
                0x0000000008002dd4                vTaskDelayUntil
 .text.vTaskDelay
                0x0000000008002ec8       0x68 Middlewares/Third_Party/FreeRTOS/Source/tasks.o
                0x0000000008002ec8                vTaskDelay
 .text.vTaskStartScheduler
                0x0000000008002f30       0xbc Middlewares/Third_Party/FreeRTOS/Source/tasks.o
                0x0000000008002f30                vTaskStartScheduler
 .text.vTaskSuspendAll
                0x0000000008002fec       0x1c Middlewares/Third_Party/FreeRTOS/Source/tasks.o
                0x0000000008002fec                vTaskSuspendAll
 .text.xTaskResumeAll
                0x0000000008003008      0x138 Middlewares/Third_Party/FreeRTOS/Source/tasks.o
                0x0000000008003008                xTaskResumeAll
 .text.xTaskIncrementTick
                0x0000000008003140      0x170 Middlewares/Third_Party/FreeRTOS/Source/tasks.o
                0x0000000008003140                xTaskIncrementTick
 .text.vTaskSwitchContext
                0x00000000080032b0       0xb4 Middlewares/Third_Party/FreeRTOS/Source/tasks.o
                0x00000000080032b0                vTaskSwitchContext
 .text.prvIdleTask
                0x0000000008003364       0x30 Middlewares/Third_Party/FreeRTOS/Source/tasks.o
 .text.prvInitialiseTaskLists
                0x0000000008003394       0x80 Middlewares/Third_Party/FreeRTOS/Source/tasks.o
 .text.prvCheckTasksWaitingTermination
                0x0000000008003414       0x58 Middlewares/Third_Party/FreeRTOS/Source/tasks.o
 .text.prvDeleteTCB
                0x000000000800346c       0x5c Middlewares/Third_Party/FreeRTOS/Source/tasks.o
 .text.prvResetNextTaskUnblockTime
                0x00000000080034c8       0x40 Middlewares/Third_Party/FreeRTOS/Source/tasks.o
 .text.xTaskGetSchedulerState
                0x0000000008003508       0x3c Middlewares/Third_Party/FreeRTOS/Source/tasks.o
                0x0000000008003508                xTaskGetSchedulerState
 .text.prvAddCurrentTaskToDelayedList
                0x0000000008003544       0xcc Middlewares/Third_Party/FreeRTOS/Source/tasks.o
 .text.pxPortInitialiseStack
                0x0000000008003610       0x68 Middlewares/Third_Party/FreeRTOS/Source/portable/GCC/ARM_CM4F/port.o
                0x0000000008003610                pxPortInitialiseStack
 .text.prvTaskExitError
                0x0000000008003678       0x54 Middlewares/Third_Party/FreeRTOS/Source/portable/GCC/ARM_CM4F/port.o
 *fill*         0x00000000080036cc        0x4 
 .text.SVC_Handler
                0x00000000080036d0       0x28 Middlewares/Third_Party/FreeRTOS/Source/portable/GCC/ARM_CM4F/port.o
                0x00000000080036d0                SVC_Handler
 .text.prvPortStartFirstTask
                0x00000000080036f8       0x28 Middlewares/Third_Party/FreeRTOS/Source/portable/GCC/ARM_CM4F/port.o
 .text.xPortStartScheduler
                0x0000000008003720      0x13c Middlewares/Third_Party/FreeRTOS/Source/portable/GCC/ARM_CM4F/port.o
                0x0000000008003720                xPortStartScheduler
 .text.vPortEnterCritical
                0x000000000800385c       0x5c Middlewares/Third_Party/FreeRTOS/Source/portable/GCC/ARM_CM4F/port.o
                0x000000000800385c                vPortEnterCritical
 .text.vPortExitCritical
                0x00000000080038b8       0x50 Middlewares/Third_Party/FreeRTOS/Source/portable/GCC/ARM_CM4F/port.o
                0x00000000080038b8                vPortExitCritical
 *fill*         0x0000000008003908        0x8 
 .text.PendSV_Handler
                0x0000000008003910       0x68 Middlewares/Third_Party/FreeRTOS/Source/portable/GCC/ARM_CM4F/port.o
                0x0000000008003910                PendSV_Handler
 .text.xPortSysTickHandler
                0x0000000008003978       0x40 Middlewares/Third_Party/FreeRTOS/Source/portable/GCC/ARM_CM4F/port.o
                0x0000000008003978                xPortSysTickHandler
 .text.vPortSetupTimerInterrupt
                0x00000000080039b8       0x48 Middlewares/Third_Party/FreeRTOS/Source/portable/GCC/ARM_CM4F/port.o
                0x00000000080039b8                vPortSetupTimerInterrupt
 .text.vPortEnableVFP
                0x0000000008003a00       0x14 Middlewares/Third_Party/FreeRTOS/Source/portable/GCC/ARM_CM4F/port.o
 .text.pvPortMalloc
                0x0000000008003a14      0x184 Middlewares/Third_Party/FreeRTOS/Source/portable/MemMang/heap_4.o
                0x0000000008003a14                pvPortMalloc
 .text.vPortFree
                0x0000000008003b98       0xb0 Middlewares/Third_Party/FreeRTOS/Source/portable/MemMang/heap_4.o
                0x0000000008003b98                vPortFree
 .text.prvHeapInit
                0x0000000008003c48       0xc4 Middlewares/Third_Party/FreeRTOS/Source/portable/MemMang/heap_4.o
 .text.prvInsertBlockIntoFreeList
                0x0000000008003d0c       0xb4 Middlewares/Third_Party/FreeRTOS/Source/portable/MemMang/heap_4.o
 .text.barometerInit
                0x0000000008003dc0       0x16 SrcInterface/baroInterface.o
                0x0000000008003dc0                barometerInit
 *fill*         0x0000000008003dd6        0x2 
 .text.handleHalError
                0x0000000008003dd8       0x2c SrcInterface/genericInterface.o
                0x0000000008003dd8                handleHalError
 .text.setup_A  0x0000000008003e04       0x90 SrcPSP/acquisition.o
                0x0000000008003e04                setup_A
 .text.loop_A   0x0000000008003e94      0x158 SrcPSP/acquisition.o
                0x0000000008003e94                loop_A
 .text.gpsSetup_A
                0x0000000008003fec        0xe SrcPSP/acquisition.o
                0x0000000008003fec                gpsSetup_A
 *fill*         0x0000000008003ffa        0x2 
 .text.bmpSetup_A
                0x0000000008003ffc       0x14 SrcPSP/acquisition.o
                0x0000000008003ffc                bmpSetup_A
 .text.imuSetup_A
                0x0000000008004010        0xe SrcPSP/acquisition.o
                0x0000000008004010                imuSetup_A
 .text.alaSetup_A
                0x000000000800401e        0xe SrcPSP/acquisition.o
                0x000000000800401e                alaSetup_A
 .text.gpsRead_A
                0x000000000800402c       0x14 SrcPSP/acquisition.o
                0x000000000800402c                gpsRead_A
 .text.bmpRead_A
                0x0000000008004040       0x20 SrcPSP/acquisition.o
                0x0000000008004040                bmpRead_A
 .text.imuRead_A
                0x0000000008004060       0x1c SrcPSP/acquisition.o
                0x0000000008004060                imuRead_A
 .text.checkStatus_A
                0x000000000800407c       0xf4 SrcPSP/acquisition.o
                0x000000000800407c                checkStatus_A
 .text.sendUpdate_A
                0x0000000008004170       0x78 SrcPSP/acquisition.o
                0x0000000008004170                sendUpdate_A
 .text.updateLeds_A
                0x00000000080041e8       0xd4 SrcPSP/acquisition.o
                0x00000000080041e8                updateLeds_A
 .text.getTimeStamp
                0x00000000080042bc        0xe SrcPSP/common.o
                0x00000000080042bc                getTimeStamp
 .text.retryTakeDelay
                0x00000000080042ca       0x18 SrcPSP/common.o
                0x00000000080042ca                retryTakeDelay
 .text.PSP_GPIO_WritePin
                0x00000000080042e2       0x30 SrcPSP/common.o
                0x00000000080042e2                PSP_GPIO_WritePin
 *fill*         0x0000000008004312        0x2 
 .text.toggleLed
                0x0000000008004314       0x34 SrcPSP/common.o
                0x0000000008004314                toggleLed
 .text.__errno  0x0000000008004348        0xc c:/st/stm32cubeide_1.5.0/stm32cubeide/plugins/com.st.stm32cube.ide.mcu.externaltools.gnu-tools-for-stm32.7-2018-q2-update.win32_1.5.0.202011040924/tools/bin/../lib/gcc/arm-none-eabi/7.3.1/../../../../arm-none-eabi/lib/thumb/v7e-m/fpv4-sp/hard\libc_nano.a(lib_a-errno.o)
                0x0000000008004348                __errno
 .text.__libc_init_array
                0x0000000008004354       0x48 c:/st/stm32cubeide_1.5.0/stm32cubeide/plugins/com.st.stm32cube.ide.mcu.externaltools.gnu-tools-for-stm32.7-2018-q2-update.win32_1.5.0.202011040924/tools/bin/../lib/gcc/arm-none-eabi/7.3.1/../../../../arm-none-eabi/lib/thumb/v7e-m/fpv4-sp/hard\libc_nano.a(lib_a-init.o)
                0x0000000008004354                __libc_init_array
 .text.malloc   0x000000000800439c       0x10 c:/st/stm32cubeide_1.5.0/stm32cubeide/plugins/com.st.stm32cube.ide.mcu.externaltools.gnu-tools-for-stm32.7-2018-q2-update.win32_1.5.0.202011040924/tools/bin/../lib/gcc/arm-none-eabi/7.3.1/../../../../arm-none-eabi/lib/thumb/v7e-m/fpv4-sp/hard\libc_nano.a(lib_a-malloc.o)
                0x000000000800439c                malloc
 .text.memset   0x00000000080043ac       0x10 c:/st/stm32cubeide_1.5.0/stm32cubeide/plugins/com.st.stm32cube.ide.mcu.externaltools.gnu-tools-for-stm32.7-2018-q2-update.win32_1.5.0.202011040924/tools/bin/../lib/gcc/arm-none-eabi/7.3.1/../../../../arm-none-eabi/lib/thumb/v7e-m/fpv4-sp/hard\libc_nano.a(lib_a-memset.o)
                0x00000000080043ac                memset
 .text._free_r  0x00000000080043bc       0x9c c:/st/stm32cubeide_1.5.0/stm32cubeide/plugins/com.st.stm32cube.ide.mcu.externaltools.gnu-tools-for-stm32.7-2018-q2-update.win32_1.5.0.202011040924/tools/bin/../lib/gcc/arm-none-eabi/7.3.1/../../../../arm-none-eabi/lib/thumb/v7e-m/fpv4-sp/hard\libc_nano.a(lib_a-nano-freer.o)
                0x00000000080043bc                _free_r
 .text._malloc_r
                0x0000000008004458       0xb4 c:/st/stm32cubeide_1.5.0/stm32cubeide/plugins/com.st.stm32cube.ide.mcu.externaltools.gnu-tools-for-stm32.7-2018-q2-update.win32_1.5.0.202011040924/tools/bin/../lib/gcc/arm-none-eabi/7.3.1/../../../../arm-none-eabi/lib/thumb/v7e-m/fpv4-sp/hard\libc_nano.a(lib_a-nano-mallocr.o)
                0x0000000008004458                _malloc_r
 .text.printf   0x000000000800450c       0x30 c:/st/stm32cubeide_1.5.0/stm32cubeide/plugins/com.st.stm32cube.ide.mcu.externaltools.gnu-tools-for-stm32.7-2018-q2-update.win32_1.5.0.202011040924/tools/bin/../lib/gcc/arm-none-eabi/7.3.1/../../../../arm-none-eabi/lib/thumb/v7e-m/fpv4-sp/hard\libc_nano.a(lib_a-printf.o)
                0x000000000800450c                iprintf
                0x000000000800450c                printf
 .text._puts_r  0x000000000800453c       0xb8 c:/st/stm32cubeide_1.5.0/stm32cubeide/plugins/com.st.stm32cube.ide.mcu.externaltools.gnu-tools-for-stm32.7-2018-q2-update.win32_1.5.0.202011040924/tools/bin/../lib/gcc/arm-none-eabi/7.3.1/../../../../arm-none-eabi/lib/thumb/v7e-m/fpv4-sp/hard\libc_nano.a(lib_a-puts.o)
                0x000000000800453c                _puts_r
 .text.puts     0x00000000080045f4       0x10 c:/st/stm32cubeide_1.5.0/stm32cubeide/plugins/com.st.stm32cube.ide.mcu.externaltools.gnu-tools-for-stm32.7-2018-q2-update.win32_1.5.0.202011040924/tools/bin/../lib/gcc/arm-none-eabi/7.3.1/../../../../arm-none-eabi/lib/thumb/v7e-m/fpv4-sp/hard\libc_nano.a(lib_a-puts.o)
                0x00000000080045f4                puts
 .text._sbrk_r  0x0000000008004604       0x20 c:/st/stm32cubeide_1.5.0/stm32cubeide/plugins/com.st.stm32cube.ide.mcu.externaltools.gnu-tools-for-stm32.7-2018-q2-update.win32_1.5.0.202011040924/tools/bin/../lib/gcc/arm-none-eabi/7.3.1/../../../../arm-none-eabi/lib/thumb/v7e-m/fpv4-sp/hard\libc_nano.a(lib_a-sbrkr.o)
                0x0000000008004604                _sbrk_r
 .text.setvbuf  0x0000000008004624      0x15c c:/st/stm32cubeide_1.5.0/stm32cubeide/plugins/com.st.stm32cube.ide.mcu.externaltools.gnu-tools-for-stm32.7-2018-q2-update.win32_1.5.0.202011040924/tools/bin/../lib/gcc/arm-none-eabi/7.3.1/../../../../arm-none-eabi/lib/thumb/v7e-m/fpv4-sp/hard\libc_nano.a(lib_a-setvbuf.o)
                0x0000000008004624                setvbuf
 .text.__swbuf_r
                0x0000000008004780       0xa4 c:/st/stm32cubeide_1.5.0/stm32cubeide/plugins/com.st.stm32cube.ide.mcu.externaltools.gnu-tools-for-stm32.7-2018-q2-update.win32_1.5.0.202011040924/tools/bin/../lib/gcc/arm-none-eabi/7.3.1/../../../../arm-none-eabi/lib/thumb/v7e-m/fpv4-sp/hard\libc_nano.a(lib_a-wbuf.o)
                0x0000000008004780                __swbuf_r
 .text.__swsetup_r
                0x0000000008004824       0xdc c:/st/stm32cubeide_1.5.0/stm32cubeide/plugins/com.st.stm32cube.ide.mcu.externaltools.gnu-tools-for-stm32.7-2018-q2-update.win32_1.5.0.202011040924/tools/bin/../lib/gcc/arm-none-eabi/7.3.1/../../../../arm-none-eabi/lib/thumb/v7e-m/fpv4-sp/hard\libc_nano.a(lib_a-wsetup.o)
                0x0000000008004824                __swsetup_r
 .text.__sflush_r
                0x0000000008004900      0x10c c:/st/stm32cubeide_1.5.0/stm32cubeide/plugins/com.st.stm32cube.ide.mcu.externaltools.gnu-tools-for-stm32.7-2018-q2-update.win32_1.5.0.202011040924/tools/bin/../lib/gcc/arm-none-eabi/7.3.1/../../../../arm-none-eabi/lib/thumb/v7e-m/fpv4-sp/hard\libc_nano.a(lib_a-fflush.o)
                0x0000000008004900                __sflush_r
 .text._fflush_r
                0x0000000008004a0c       0x54 c:/st/stm32cubeide_1.5.0/stm32cubeide/plugins/com.st.stm32cube.ide.mcu.externaltools.gnu-tools-for-stm32.7-2018-q2-update.win32_1.5.0.202011040924/tools/bin/../lib/gcc/arm-none-eabi/7.3.1/../../../../arm-none-eabi/lib/thumb/v7e-m/fpv4-sp/hard\libc_nano.a(lib_a-fflush.o)
                0x0000000008004a0c                _fflush_r
 .text.std      0x0000000008004a60       0x48 c:/st/stm32cubeide_1.5.0/stm32cubeide/plugins/com.st.stm32cube.ide.mcu.externaltools.gnu-tools-for-stm32.7-2018-q2-update.win32_1.5.0.202011040924/tools/bin/../lib/gcc/arm-none-eabi/7.3.1/../../../../arm-none-eabi/lib/thumb/v7e-m/fpv4-sp/hard\libc_nano.a(lib_a-findfp.o)
 .text._cleanup_r
                0x0000000008004aa8        0xc c:/st/stm32cubeide_1.5.0/stm32cubeide/plugins/com.st.stm32cube.ide.mcu.externaltools.gnu-tools-for-stm32.7-2018-q2-update.win32_1.5.0.202011040924/tools/bin/../lib/gcc/arm-none-eabi/7.3.1/../../../../arm-none-eabi/lib/thumb/v7e-m/fpv4-sp/hard\libc_nano.a(lib_a-findfp.o)
                0x0000000008004aa8                _cleanup_r
 .text.__sfmoreglue
                0x0000000008004ab4       0x2c c:/st/stm32cubeide_1.5.0/stm32cubeide/plugins/com.st.stm32cube.ide.mcu.externaltools.gnu-tools-for-stm32.7-2018-q2-update.win32_1.5.0.202011040924/tools/bin/../lib/gcc/arm-none-eabi/7.3.1/../../../../arm-none-eabi/lib/thumb/v7e-m/fpv4-sp/hard\libc_nano.a(lib_a-findfp.o)
                0x0000000008004ab4                __sfmoreglue
 .text.__sinit  0x0000000008004ae0       0x60 c:/st/stm32cubeide_1.5.0/stm32cubeide/plugins/com.st.stm32cube.ide.mcu.externaltools.gnu-tools-for-stm32.7-2018-q2-update.win32_1.5.0.202011040924/tools/bin/../lib/gcc/arm-none-eabi/7.3.1/../../../../arm-none-eabi/lib/thumb/v7e-m/fpv4-sp/hard\libc_nano.a(lib_a-findfp.o)
                0x0000000008004ae0                __sinit
 .text.__sfp    0x0000000008004b40       0x78 c:/st/stm32cubeide_1.5.0/stm32cubeide/plugins/com.st.stm32cube.ide.mcu.externaltools.gnu-tools-for-stm32.7-2018-q2-update.win32_1.5.0.202011040924/tools/bin/../lib/gcc/arm-none-eabi/7.3.1/../../../../arm-none-eabi/lib/thumb/v7e-m/fpv4-sp/hard\libc_nano.a(lib_a-findfp.o)
                0x0000000008004b40                __sfp
 .text._fwalk_reent
                0x0000000008004bb8       0x3c c:/st/stm32cubeide_1.5.0/stm32cubeide/plugins/com.st.stm32cube.ide.mcu.externaltools.gnu-tools-for-stm32.7-2018-q2-update.win32_1.5.0.202011040924/tools/bin/../lib/gcc/arm-none-eabi/7.3.1/../../../../arm-none-eabi/lib/thumb/v7e-m/fpv4-sp/hard\libc_nano.a(lib_a-fwalk.o)
                0x0000000008004bb8                _fwalk_reent
 .text.__swhatbuf_r
                0x0000000008004bf4       0x48 c:/st/stm32cubeide_1.5.0/stm32cubeide/plugins/com.st.stm32cube.ide.mcu.externaltools.gnu-tools-for-stm32.7-2018-q2-update.win32_1.5.0.202011040924/tools/bin/../lib/gcc/arm-none-eabi/7.3.1/../../../../arm-none-eabi/lib/thumb/v7e-m/fpv4-sp/hard\libc_nano.a(lib_a-makebuf.o)
                0x0000000008004bf4                __swhatbuf_r
 .text.__smakebuf_r
                0x0000000008004c3c       0x80 c:/st/stm32cubeide_1.5.0/stm32cubeide/plugins/com.st.stm32cube.ide.mcu.externaltools.gnu-tools-for-stm32.7-2018-q2-update.win32_1.5.0.202011040924/tools/bin/../lib/gcc/arm-none-eabi/7.3.1/../../../../arm-none-eabi/lib/thumb/v7e-m/fpv4-sp/hard\libc_nano.a(lib_a-makebuf.o)
                0x0000000008004c3c                __smakebuf_r
 .text.__malloc_lock
                0x0000000008004cbc        0x2 c:/st/stm32cubeide_1.5.0/stm32cubeide/plugins/com.st.stm32cube.ide.mcu.externaltools.gnu-tools-for-stm32.7-2018-q2-update.win32_1.5.0.202011040924/tools/bin/../lib/gcc/arm-none-eabi/7.3.1/../../../../arm-none-eabi/lib/thumb/v7e-m/fpv4-sp/hard\libc_nano.a(lib_a-mlock.o)
                0x0000000008004cbc                __malloc_lock
 .text.__malloc_unlock
                0x0000000008004cbe        0x2 c:/st/stm32cubeide_1.5.0/stm32cubeide/plugins/com.st.stm32cube.ide.mcu.externaltools.gnu-tools-for-stm32.7-2018-q2-update.win32_1.5.0.202011040924/tools/bin/../lib/gcc/arm-none-eabi/7.3.1/../../../../arm-none-eabi/lib/thumb/v7e-m/fpv4-sp/hard\libc_nano.a(lib_a-mlock.o)
                0x0000000008004cbe                __malloc_unlock
 .text.__sfputc_r
                0x0000000008004cc0       0x2e c:/st/stm32cubeide_1.5.0/stm32cubeide/plugins/com.st.stm32cube.ide.mcu.externaltools.gnu-tools-for-stm32.7-2018-q2-update.win32_1.5.0.202011040924/tools/bin/../lib/gcc/arm-none-eabi/7.3.1/../../../../arm-none-eabi/lib/thumb/v7e-m/fpv4-sp/hard\libc_nano.a(lib_a-nano-vfprintf.o)
 .text.__sfputs_r
                0x0000000008004cee       0x24 c:/st/stm32cubeide_1.5.0/stm32cubeide/plugins/com.st.stm32cube.ide.mcu.externaltools.gnu-tools-for-stm32.7-2018-q2-update.win32_1.5.0.202011040924/tools/bin/../lib/gcc/arm-none-eabi/7.3.1/../../../../arm-none-eabi/lib/thumb/v7e-m/fpv4-sp/hard\libc_nano.a(lib_a-nano-vfprintf.o)
                0x0000000008004cee                __sfputs_r
 *fill*         0x0000000008004d12        0x2 
 .text._vfprintf_r
                0x0000000008004d14      0x22c c:/st/stm32cubeide_1.5.0/stm32cubeide/plugins/com.st.stm32cube.ide.mcu.externaltools.gnu-tools-for-stm32.7-2018-q2-update.win32_1.5.0.202011040924/tools/bin/../lib/gcc/arm-none-eabi/7.3.1/../../../../arm-none-eabi/lib/thumb/v7e-m/fpv4-sp/hard\libc_nano.a(lib_a-nano-vfprintf.o)
                0x0000000008004d14                _vfprintf_r
                0x0000000008004d14                _vfiprintf_r
 .text._printf_common
                0x0000000008004f40       0xea c:/st/stm32cubeide_1.5.0/stm32cubeide/plugins/com.st.stm32cube.ide.mcu.externaltools.gnu-tools-for-stm32.7-2018-q2-update.win32_1.5.0.202011040924/tools/bin/../lib/gcc/arm-none-eabi/7.3.1/../../../../arm-none-eabi/lib/thumb/v7e-m/fpv4-sp/hard\libc_nano.a(lib_a-nano-vfprintf_i.o)
                0x0000000008004f40                _printf_common
 *fill*         0x000000000800502a        0x2 
 .text._printf_i
                0x000000000800502c      0x224 c:/st/stm32cubeide_1.5.0/stm32cubeide/plugins/com.st.stm32cube.ide.mcu.externaltools.gnu-tools-for-stm32.7-2018-q2-update.win32_1.5.0.202011040924/tools/bin/../lib/gcc/arm-none-eabi/7.3.1/../../../../arm-none-eabi/lib/thumb/v7e-m/fpv4-sp/hard\libc_nano.a(lib_a-nano-vfprintf_i.o)
                0x000000000800502c                _printf_i
 .text.__sread  0x0000000008005250       0x22 c:/st/stm32cubeide_1.5.0/stm32cubeide/plugins/com.st.stm32cube.ide.mcu.externaltools.gnu-tools-for-stm32.7-2018-q2-update.win32_1.5.0.202011040924/tools/bin/../lib/gcc/arm-none-eabi/7.3.1/../../../../arm-none-eabi/lib/thumb/v7e-m/fpv4-sp/hard\libc_nano.a(lib_a-stdio.o)
                0x0000000008005250                __sread
 .text.__swrite
                0x0000000008005272       0x38 c:/st/stm32cubeide_1.5.0/stm32cubeide/plugins/com.st.stm32cube.ide.mcu.externaltools.gnu-tools-for-stm32.7-2018-q2-update.win32_1.5.0.202011040924/tools/bin/../lib/gcc/arm-none-eabi/7.3.1/../../../../arm-none-eabi/lib/thumb/v7e-m/fpv4-sp/hard\libc_nano.a(lib_a-stdio.o)
                0x0000000008005272                __swrite
 .text.__sseek  0x00000000080052aa       0x24 c:/st/stm32cubeide_1.5.0/stm32cubeide/plugins/com.st.stm32cube.ide.mcu.externaltools.gnu-tools-for-stm32.7-2018-q2-update.win32_1.5.0.202011040924/tools/bin/../lib/gcc/arm-none-eabi/7.3.1/../../../../arm-none-eabi/lib/thumb/v7e-m/fpv4-sp/hard\libc_nano.a(lib_a-stdio.o)
                0x00000000080052aa                __sseek
 .text.__sclose
                0x00000000080052ce        0x8 c:/st/stm32cubeide_1.5.0/stm32cubeide/plugins/com.st.stm32cube.ide.mcu.externaltools.gnu-tools-for-stm32.7-2018-q2-update.win32_1.5.0.202011040924/tools/bin/../lib/gcc/arm-none-eabi/7.3.1/../../../../arm-none-eabi/lib/thumb/v7e-m/fpv4-sp/hard\libc_nano.a(lib_a-stdio.o)
                0x00000000080052ce                __sclose
 *fill*         0x00000000080052d6        0x2 
 .text._write_r
                0x00000000080052d8       0x24 c:/st/stm32cubeide_1.5.0/stm32cubeide/plugins/com.st.stm32cube.ide.mcu.externaltools.gnu-tools-for-stm32.7-2018-q2-update.win32_1.5.0.202011040924/tools/bin/../lib/gcc/arm-none-eabi/7.3.1/../../../../arm-none-eabi/lib/thumb/v7e-m/fpv4-sp/hard\libc_nano.a(lib_a-writer.o)
                0x00000000080052d8                _write_r
 .text._close_r
                0x00000000080052fc       0x20 c:/st/stm32cubeide_1.5.0/stm32cubeide/plugins/com.st.stm32cube.ide.mcu.externaltools.gnu-tools-for-stm32.7-2018-q2-update.win32_1.5.0.202011040924/tools/bin/../lib/gcc/arm-none-eabi/7.3.1/../../../../arm-none-eabi/lib/thumb/v7e-m/fpv4-sp/hard\libc_nano.a(lib_a-closer.o)
                0x00000000080052fc                _close_r
 .text._fstat_r
                0x000000000800531c       0x24 c:/st/stm32cubeide_1.5.0/stm32cubeide/plugins/com.st.stm32cube.ide.mcu.externaltools.gnu-tools-for-stm32.7-2018-q2-update.win32_1.5.0.202011040924/tools/bin/../lib/gcc/arm-none-eabi/7.3.1/../../../../arm-none-eabi/lib/thumb/v7e-m/fpv4-sp/hard\libc_nano.a(lib_a-fstatr.o)
                0x000000000800531c                _fstat_r
 .text._isatty_r
                0x0000000008005340       0x20 c:/st/stm32cubeide_1.5.0/stm32cubeide/plugins/com.st.stm32cube.ide.mcu.externaltools.gnu-tools-for-stm32.7-2018-q2-update.win32_1.5.0.202011040924/tools/bin/../lib/gcc/arm-none-eabi/7.3.1/../../../../arm-none-eabi/lib/thumb/v7e-m/fpv4-sp/hard\libc_nano.a(lib_a-isattyr.o)
                0x0000000008005340                _isatty_r
 .text._lseek_r
                0x0000000008005360       0x24 c:/st/stm32cubeide_1.5.0/stm32cubeide/plugins/com.st.stm32cube.ide.mcu.externaltools.gnu-tools-for-stm32.7-2018-q2-update.win32_1.5.0.202011040924/tools/bin/../lib/gcc/arm-none-eabi/7.3.1/../../../../arm-none-eabi/lib/thumb/v7e-m/fpv4-sp/hard\libc_nano.a(lib_a-lseekr.o)
                0x0000000008005360                _lseek_r
 .text._read_r  0x0000000008005384       0x24 c:/st/stm32cubeide_1.5.0/stm32cubeide/plugins/com.st.stm32cube.ide.mcu.externaltools.gnu-tools-for-stm32.7-2018-q2-update.win32_1.5.0.202011040924/tools/bin/../lib/gcc/arm-none-eabi/7.3.1/../../../../arm-none-eabi/lib/thumb/v7e-m/fpv4-sp/hard\libc_nano.a(lib_a-readr.o)
                0x0000000008005384                _read_r
 *(.glue_7)
 .glue_7        0x00000000080053a8        0x0 linker stubs
 *(.glue_7t)
 .glue_7t       0x00000000080053a8        0x0 linker stubs
 *(.eh_frame)
 .eh_frame      0x00000000080053a8        0x0 c:/st/stm32cubeide_1.5.0/stm32cubeide/plugins/com.st.stm32cube.ide.mcu.externaltools.gnu-tools-for-stm32.7-2018-q2-update.win32_1.5.0.202011040924/tools/bin/../lib/gcc/arm-none-eabi/7.3.1/thumb/v7e-m/fpv4-sp/hard/crtbegin.o
 *(.init)
 .init          0x00000000080053a8        0x4 c:/st/stm32cubeide_1.5.0/stm32cubeide/plugins/com.st.stm32cube.ide.mcu.externaltools.gnu-tools-for-stm32.7-2018-q2-update.win32_1.5.0.202011040924/tools/bin/../lib/gcc/arm-none-eabi/7.3.1/thumb/v7e-m/fpv4-sp/hard/crti.o
                0x00000000080053a8                _init
 .init          0x00000000080053ac        0x8 c:/st/stm32cubeide_1.5.0/stm32cubeide/plugins/com.st.stm32cube.ide.mcu.externaltools.gnu-tools-for-stm32.7-2018-q2-update.win32_1.5.0.202011040924/tools/bin/../lib/gcc/arm-none-eabi/7.3.1/thumb/v7e-m/fpv4-sp/hard/crtn.o
 *(.fini)
 .fini          0x00000000080053b4        0x4 c:/st/stm32cubeide_1.5.0/stm32cubeide/plugins/com.st.stm32cube.ide.mcu.externaltools.gnu-tools-for-stm32.7-2018-q2-update.win32_1.5.0.202011040924/tools/bin/../lib/gcc/arm-none-eabi/7.3.1/thumb/v7e-m/fpv4-sp/hard/crti.o
                0x00000000080053b4                _fini
 .fini          0x00000000080053b8        0x8 c:/st/stm32cubeide_1.5.0/stm32cubeide/plugins/com.st.stm32cube.ide.mcu.externaltools.gnu-tools-for-stm32.7-2018-q2-update.win32_1.5.0.202011040924/tools/bin/../lib/gcc/arm-none-eabi/7.3.1/thumb/v7e-m/fpv4-sp/hard/crtn.o
                0x00000000080053c0                . = ALIGN (0x4)
                0x00000000080053c0                _etext = .

.vfp11_veneer   0x00000000080053c0        0x0
 .vfp11_veneer  0x00000000080053c0        0x0 linker stubs

.v4_bx          0x00000000080053c0        0x0
 .v4_bx         0x00000000080053c0        0x0 linker stubs

.iplt           0x00000000080053c0        0x0
 .iplt          0x00000000080053c0        0x0 c:/st/stm32cubeide_1.5.0/stm32cubeide/plugins/com.st.stm32cube.ide.mcu.externaltools.gnu-tools-for-stm32.7-2018-q2-update.win32_1.5.0.202011040924/tools/bin/../lib/gcc/arm-none-eabi/7.3.1/thumb/v7e-m/fpv4-sp/hard/crtbegin.o

.rodata         0x00000000080053c0      0x268
                0x00000000080053c0                . = ALIGN (0x4)
 *(.rodata)
 .rodata        0x00000000080053c0       0xc6 Core/Src/main.o
 *fill*         0x0000000008005486        0x2 
 .rodata        0x0000000008005488        0x5 Middlewares/Third_Party/FreeRTOS/Source/tasks.o
 *fill*         0x000000000800548d        0x3 
 .rodata        0x0000000008005490       0xe7 SrcPSP/acquisition.o
 *(.rodata*)
 *fill*         0x0000000008005577        0x1 
 .rodata.AHBPrescTable
                0x0000000008005578       0x10 Core/Src/system_stm32f4xx.o
                0x0000000008005578                AHBPrescTable
 .rodata.APBPrescTable
                0x0000000008005588        0x8 Core/Src/system_stm32f4xx.o
                0x0000000008005588                APBPrescTable
 .rodata._global_impure_ptr
                0x0000000008005590        0x4 c:/st/stm32cubeide_1.5.0/stm32cubeide/plugins/com.st.stm32cube.ide.mcu.externaltools.gnu-tools-for-stm32.7-2018-q2-update.win32_1.5.0.202011040924/tools/bin/../lib/gcc/arm-none-eabi/7.3.1/../../../../arm-none-eabi/lib/thumb/v7e-m/fpv4-sp/hard\libc_nano.a(lib_a-impure.o)
                0x0000000008005590                _global_impure_ptr
 .rodata.__sf_fake_stderr
                0x0000000008005594       0x20 c:/st/stm32cubeide_1.5.0/stm32cubeide/plugins/com.st.stm32cube.ide.mcu.externaltools.gnu-tools-for-stm32.7-2018-q2-update.win32_1.5.0.202011040924/tools/bin/../lib/gcc/arm-none-eabi/7.3.1/../../../../arm-none-eabi/lib/thumb/v7e-m/fpv4-sp/hard\libc_nano.a(lib_a-findfp.o)
                0x0000000008005594                __sf_fake_stderr
 .rodata.__sf_fake_stdin
                0x00000000080055b4       0x20 c:/st/stm32cubeide_1.5.0/stm32cubeide/plugins/com.st.stm32cube.ide.mcu.externaltools.gnu-tools-for-stm32.7-2018-q2-update.win32_1.5.0.202011040924/tools/bin/../lib/gcc/arm-none-eabi/7.3.1/../../../../arm-none-eabi/lib/thumb/v7e-m/fpv4-sp/hard\libc_nano.a(lib_a-findfp.o)
                0x00000000080055b4                __sf_fake_stdin
 .rodata.__sf_fake_stdout
                0x00000000080055d4       0x20 c:/st/stm32cubeide_1.5.0/stm32cubeide/plugins/com.st.stm32cube.ide.mcu.externaltools.gnu-tools-for-stm32.7-2018-q2-update.win32_1.5.0.202011040924/tools/bin/../lib/gcc/arm-none-eabi/7.3.1/../../../../arm-none-eabi/lib/thumb/v7e-m/fpv4-sp/hard\libc_nano.a(lib_a-findfp.o)
                0x00000000080055d4                __sf_fake_stdout
 .rodata._vfprintf_r.str1.1
                0x00000000080055f4       0x11 c:/st/stm32cubeide_1.5.0/stm32cubeide/plugins/com.st.stm32cube.ide.mcu.externaltools.gnu-tools-for-stm32.7-2018-q2-update.win32_1.5.0.202011040924/tools/bin/../lib/gcc/arm-none-eabi/7.3.1/../../../../arm-none-eabi/lib/thumb/v7e-m/fpv4-sp/hard\libc_nano.a(lib_a-nano-vfprintf.o)
 .rodata._printf_i.str1.1
                0x0000000008005605       0x22 c:/st/stm32cubeide_1.5.0/stm32cubeide/plugins/com.st.stm32cube.ide.mcu.externaltools.gnu-tools-for-stm32.7-2018-q2-update.win32_1.5.0.202011040924/tools/bin/../lib/gcc/arm-none-eabi/7.3.1/../../../../arm-none-eabi/lib/thumb/v7e-m/fpv4-sp/hard\libc_nano.a(lib_a-nano-vfprintf_i.o)
                0x0000000008005628                . = ALIGN (0x4)
 *fill*         0x0000000008005627        0x1 

.ARM.extab      0x0000000008005628        0x0
                0x0000000008005628                . = ALIGN (0x4)
 *(.ARM.extab* .gnu.linkonce.armextab.*)
                0x0000000008005628                . = ALIGN (0x4)

.ARM            0x0000000008005628        0x8
                0x0000000008005628                . = ALIGN (0x4)
                0x0000000008005628                __exidx_start = .
 *(.ARM.exidx*)
 .ARM.exidx     0x0000000008005628        0x8 c:/st/stm32cubeide_1.5.0/stm32cubeide/plugins/com.st.stm32cube.ide.mcu.externaltools.gnu-tools-for-stm32.7-2018-q2-update.win32_1.5.0.202011040924/tools/bin/../lib/gcc/arm-none-eabi/7.3.1/thumb/v7e-m/fpv4-sp/hard\libgcc.a(_udivmoddi4.o)
                0x0000000008005630                __exidx_end = .
                0x0000000008005630                . = ALIGN (0x4)

.rel.dyn        0x0000000008005630        0x0
 .rel.iplt      0x0000000008005630        0x0 c:/st/stm32cubeide_1.5.0/stm32cubeide/plugins/com.st.stm32cube.ide.mcu.externaltools.gnu-tools-for-stm32.7-2018-q2-update.win32_1.5.0.202011040924/tools/bin/../lib/gcc/arm-none-eabi/7.3.1/thumb/v7e-m/fpv4-sp/hard/crtbegin.o

.preinit_array  0x0000000008005630        0x0
                0x0000000008005630                . = ALIGN (0x4)
                0x0000000008005630                PROVIDE (__preinit_array_start = .)
 *(.preinit_array*)
                0x0000000008005630                PROVIDE (__preinit_array_end = .)
                0x0000000008005630                . = ALIGN (0x4)

.init_array     0x0000000008005630        0x4
                0x0000000008005630                . = ALIGN (0x4)
                0x0000000008005630                PROVIDE (__init_array_start = .)
 *(SORT_BY_NAME(.init_array.*))
 *(.init_array*)
 .init_array    0x0000000008005630        0x4 c:/st/stm32cubeide_1.5.0/stm32cubeide/plugins/com.st.stm32cube.ide.mcu.externaltools.gnu-tools-for-stm32.7-2018-q2-update.win32_1.5.0.202011040924/tools/bin/../lib/gcc/arm-none-eabi/7.3.1/thumb/v7e-m/fpv4-sp/hard/crtbegin.o
                0x0000000008005634                PROVIDE (__init_array_end = .)
                0x0000000008005634                . = ALIGN (0x4)

.fini_array     0x0000000008005634        0x4
                0x0000000008005634                . = ALIGN (0x4)
                [!provide]                        PROVIDE (__fini_array_start = .)
 *(SORT_BY_NAME(.fini_array.*))
 *(.fini_array*)
 .fini_array    0x0000000008005634        0x4 c:/st/stm32cubeide_1.5.0/stm32cubeide/plugins/com.st.stm32cube.ide.mcu.externaltools.gnu-tools-for-stm32.7-2018-q2-update.win32_1.5.0.202011040924/tools/bin/../lib/gcc/arm-none-eabi/7.3.1/thumb/v7e-m/fpv4-sp/hard/crtbegin.o
                [!provide]                        PROVIDE (__fini_array_end = .)
                0x0000000008005638                . = ALIGN (0x4)
                0x0000000008005638                _sidata = LOADADDR (.data)

.data           0x0000000020000000       0x7c load address 0x0000000008005638
                0x0000000020000000                . = ALIGN (0x4)
                0x0000000020000000                _sdata = .
 *(.data)
 *(.data*)
 .data.printDiv
                0x0000000020000000        0x1 Core/Src/main.o
                0x0000000020000000                printDiv
 .data.pressed.10731
                0x0000000020000001        0x1 Core/Src/main.o
 *fill*         0x0000000020000002        0x2 
 .data.SystemCoreClock
                0x0000000020000004        0x4 Core/Src/system_stm32f4xx.o
                0x0000000020000004                SystemCoreClock
 .data.uwTickPrio
                0x0000000020000008        0x4 Drivers/STM32F4xx_HAL_Driver/Src/stm32f4xx_hal.o
                0x0000000020000008                uwTickPrio
 .data.uwTickFreq
                0x000000002000000c        0x1 Drivers/STM32F4xx_HAL_Driver/Src/stm32f4xx_hal.o
                0x000000002000000c                uwTickFreq
 *fill*         0x000000002000000d        0x3 
 .data.uxCriticalNesting
                0x0000000020000010        0x4 Middlewares/Third_Party/FreeRTOS/Source/portable/GCC/ARM_CM4F/port.o
 .data.j.11025  0x0000000020000014        0x4 SrcPSP/common.o
 .data._impure_ptr
                0x0000000020000018        0x4 c:/st/stm32cubeide_1.5.0/stm32cubeide/plugins/com.st.stm32cube.ide.mcu.externaltools.gnu-tools-for-stm32.7-2018-q2-update.win32_1.5.0.202011040924/tools/bin/../lib/gcc/arm-none-eabi/7.3.1/../../../../arm-none-eabi/lib/thumb/v7e-m/fpv4-sp/hard\libc_nano.a(lib_a-impure.o)
                0x0000000020000018                _impure_ptr
 .data.impure_data
                0x000000002000001c       0x60 c:/st/stm32cubeide_1.5.0/stm32cubeide/plugins/com.st.stm32cube.ide.mcu.externaltools.gnu-tools-for-stm32.7-2018-q2-update.win32_1.5.0.202011040924/tools/bin/../lib/gcc/arm-none-eabi/7.3.1/../../../../arm-none-eabi/lib/thumb/v7e-m/fpv4-sp/hard\libc_nano.a(lib_a-impure.o)
 *(.RamFunc)
 *(.RamFunc*)
                0x000000002000007c                . = ALIGN (0x4)
                0x000000002000007c                _edata = .

.igot.plt       0x000000002000007c        0x0 load address 0x00000000080056b4
 .igot.plt      0x000000002000007c        0x0 c:/st/stm32cubeide_1.5.0/stm32cubeide/plugins/com.st.stm32cube.ide.mcu.externaltools.gnu-tools-for-stm32.7-2018-q2-update.win32_1.5.0.202011040924/tools/bin/../lib/gcc/arm-none-eabi/7.3.1/thumb/v7e-m/fpv4-sp/hard/crtbegin.o
                0x000000002000007c                . = ALIGN (0x4)

.bss            0x0000000020000080     0x4a34 load address 0x00000000080056b4
                0x0000000020000080                _sbss = .
                0x0000000020000080                __bss_start__ = _sbss
 *(.bss)
 .bss           0x0000000020000080       0x1c c:/st/stm32cubeide_1.5.0/stm32cubeide/plugins/com.st.stm32cube.ide.mcu.externaltools.gnu-tools-for-stm32.7-2018-q2-update.win32_1.5.0.202011040924/tools/bin/../lib/gcc/arm-none-eabi/7.3.1/thumb/v7e-m/fpv4-sp/hard/crtbegin.o
 *(.bss*)
 .bss.xIdleTaskTCBBuffer
                0x000000002000009c       0x54 Core/Src/freertos.o
 .bss.xIdleStack
                0x00000000200000f0      0x200 Core/Src/freertos.o
 .bss.time_init.10713
                0x00000000200002f0        0x4 Core/Src/main.o
 .bss.time_init.10720
                0x00000000200002f4        0x4 Core/Src/main.o
 .bss.time_init.10730
                0x00000000200002f8        0x4 Core/Src/main.o
 .bss.__sbrk_heap_end
                0x00000000200002fc        0x4 Core/Src/sysmem.o
 .bss.pxCurrentTCB
                0x0000000020000300        0x4 Middlewares/Third_Party/FreeRTOS/Source/tasks.o
                0x0000000020000300                pxCurrentTCB
 .bss.pxReadyTasksLists
                0x0000000020000304       0x8c Middlewares/Third_Party/FreeRTOS/Source/tasks.o
 .bss.xDelayedTaskList1
                0x0000000020000390       0x14 Middlewares/Third_Party/FreeRTOS/Source/tasks.o
 .bss.xDelayedTaskList2
                0x00000000200003a4       0x14 Middlewares/Third_Party/FreeRTOS/Source/tasks.o
 .bss.pxDelayedTaskList
                0x00000000200003b8        0x4 Middlewares/Third_Party/FreeRTOS/Source/tasks.o
 .bss.pxOverflowDelayedTaskList
                0x00000000200003bc        0x4 Middlewares/Third_Party/FreeRTOS/Source/tasks.o
 .bss.xPendingReadyList
                0x00000000200003c0       0x14 Middlewares/Third_Party/FreeRTOS/Source/tasks.o
 .bss.xTasksWaitingTermination
                0x00000000200003d4       0x14 Middlewares/Third_Party/FreeRTOS/Source/tasks.o
 .bss.uxDeletedTasksWaitingCleanUp
                0x00000000200003e8        0x4 Middlewares/Third_Party/FreeRTOS/Source/tasks.o
 .bss.xSuspendedTaskList
                0x00000000200003ec       0x14 Middlewares/Third_Party/FreeRTOS/Source/tasks.o
 .bss.uxCurrentNumberOfTasks
                0x0000000020000400        0x4 Middlewares/Third_Party/FreeRTOS/Source/tasks.o
 .bss.xTickCount
                0x0000000020000404        0x4 Middlewares/Third_Party/FreeRTOS/Source/tasks.o
 .bss.uxTopReadyPriority
                0x0000000020000408        0x4 Middlewares/Third_Party/FreeRTOS/Source/tasks.o
 .bss.xSchedulerRunning
                0x000000002000040c        0x4 Middlewares/Third_Party/FreeRTOS/Source/tasks.o
 .bss.uxPendedTicks
                0x0000000020000410        0x4 Middlewares/Third_Party/FreeRTOS/Source/tasks.o
 .bss.xYieldPending
                0x0000000020000414        0x4 Middlewares/Third_Party/FreeRTOS/Source/tasks.o
 .bss.xNumOfOverflows
                0x0000000020000418        0x4 Middlewares/Third_Party/FreeRTOS/Source/tasks.o
 .bss.uxTaskNumber
                0x000000002000041c        0x4 Middlewares/Third_Party/FreeRTOS/Source/tasks.o
 .bss.xNextTaskUnblockTime
                0x0000000020000420        0x4 Middlewares/Third_Party/FreeRTOS/Source/tasks.o
 .bss.xIdleTaskHandle
                0x0000000020000424        0x4 Middlewares/Third_Party/FreeRTOS/Source/tasks.o
 .bss.uxSchedulerSuspended
                0x0000000020000428        0x4 Middlewares/Third_Party/FreeRTOS/Source/tasks.o
 .bss.ucMaxSysCallPriority
                0x000000002000042c        0x1 Middlewares/Third_Party/FreeRTOS/Source/portable/GCC/ARM_CM4F/port.o
 *fill*         0x000000002000042d        0x3 
 .bss.ulMaxPRIGROUPValue
                0x0000000020000430        0x4 Middlewares/Third_Party/FreeRTOS/Source/portable/GCC/ARM_CM4F/port.o
 .bss.ucHeap    0x0000000020000434     0x3c00 Middlewares/Third_Party/FreeRTOS/Source/portable/MemMang/heap_4.o
 .bss.xStart    0x0000000020004034        0x8 Middlewares/Third_Party/FreeRTOS/Source/portable/MemMang/heap_4.o
 .bss.pxEnd     0x000000002000403c        0x4 Middlewares/Third_Party/FreeRTOS/Source/portable/MemMang/heap_4.o
 .bss.xFreeBytesRemaining
                0x0000000020004040        0x4 Middlewares/Third_Party/FreeRTOS/Source/portable/MemMang/heap_4.o
 .bss.xMinimumEverFreeBytesRemaining
                0x0000000020004044        0x4 Middlewares/Third_Party/FreeRTOS/Source/portable/MemMang/heap_4.o
 .bss.xBlockAllocatedBit
                0x0000000020004048        0x4 Middlewares/Third_Party/FreeRTOS/Source/portable/MemMang/heap_4.o
 .bss.delayVal  0x000000002000404c        0x1 SrcPSP/acquisition.o
                0x000000002000404c                delayVal
 *fill*         0x000000002000404d        0x3 
 .bss.g_daqStatusData
                0x0000000020004050        0xc SrcPSP/common.o
                0x0000000020004050                g_daqStatusData
 .bss.g_daqScalingData
                0x000000002000405c        0x3 SrcPSP/common.o
                0x000000002000405c                g_daqScalingData
 *fill*         0x000000002000405f        0x1 
 .bss.__malloc_free_list
                0x0000000020004060        0x4 c:/st/stm32cubeide_1.5.0/stm32cubeide/plugins/com.st.stm32cube.ide.mcu.externaltools.gnu-tools-for-stm32.7-2018-q2-update.win32_1.5.0.202011040924/tools/bin/../lib/gcc/arm-none-eabi/7.3.1/../../../../arm-none-eabi/lib/thumb/v7e-m/fpv4-sp/hard\libc_nano.a(lib_a-nano-mallocr.o)
                0x0000000020004060                __malloc_free_list
 .bss.__malloc_sbrk_start
                0x0000000020004064        0x4 c:/st/stm32cubeide_1.5.0/stm32cubeide/plugins/com.st.stm32cube.ide.mcu.externaltools.gnu-tools-for-stm32.7-2018-q2-update.win32_1.5.0.202011040924/tools/bin/../lib/gcc/arm-none-eabi/7.3.1/../../../../arm-none-eabi/lib/thumb/v7e-m/fpv4-sp/hard\libc_nano.a(lib_a-nano-mallocr.o)
                0x0000000020004064                __malloc_sbrk_start
 *(COMMON)
 COMMON         0x0000000020004068      0x9a0 Core/Src/main.o
                0x0000000020004068                AcquisitionControlBlock
                0x00000000200040bc                AcquisitionBuffer
                0x00000000200042bc                ControlLogicControlBlock
                0x0000000020004310                MonitoringBuffer
                0x0000000020004510                ProcessingControlBlock
                0x0000000020004564                ProcessingHandle
                0x0000000020004568                MonitoringControlBlock
                0x00000000200045bc                MonitoringHandle
                0x00000000200045c0                AcquisitionHandle
                0x00000000200045c4                ControlLogicHandle
                0x00000000200045c8                ProcessingBuffer
                0x00000000200047c8                huart2
                0x0000000020004808                ControlLogicBuffer
 COMMON         0x0000000020004a08        0x4 Core/Src/retarget.o
                0x0000000020004a08                gHuart
 COMMON         0x0000000020004a0c        0x4 Drivers/STM32F4xx_HAL_Driver/Src/stm32f4xx_hal.o
                0x0000000020004a0c                uwTick
 COMMON         0x0000000020004a10       0x40 SrcInterface/baroInterface.o
                0x0000000020004a10                sensors
 COMMON         0x0000000020004a50       0x5e SrcPSP/acquisition.o
                0x0000000020004a50                gpsNominal
                0x0000000020004a51                imuNominal
                0x0000000020004a54                gpsNmea
                0x0000000020004aa4                bmpCounter
                0x0000000020004aa5                _nmeaAddrEnd
                0x0000000020004aa6                alaNominal
                0x0000000020004aa7                daqScaler
                0x0000000020004aa8                imuCounter
                0x0000000020004aa9                bmpNominal
                0x0000000020004aaa                fsmState
                0x0000000020004aab                sendDaqStatus
                0x0000000020004aac                daqScalingEnabled
                0x0000000020004aad                _nmeaAddrStart
 *fill*         0x0000000020004aae        0x2 
 COMMON         0x0000000020004ab0        0x4 c:/st/stm32cubeide_1.5.0/stm32cubeide/plugins/com.st.stm32cube.ide.mcu.externaltools.gnu-tools-for-stm32.7-2018-q2-update.win32_1.5.0.202011040924/tools/bin/../lib/gcc/arm-none-eabi/7.3.1/../../../../arm-none-eabi/lib/thumb/v7e-m/fpv4-sp/hard\libc_nano.a(lib_a-reent.o)
                0x0000000020004ab0                errno
                0x0000000020004ab4                . = ALIGN (0x4)
                0x0000000020004ab4                _ebss = .
                0x0000000020004ab4                __bss_end__ = _ebss

._user_heap_stack
                0x0000000020004ab4      0x604 load address 0x00000000080056b4
                0x0000000020004ab8                . = ALIGN (0x8)
 *fill*         0x0000000020004ab4        0x4 
                [!provide]                        PROVIDE (end = .)
                0x0000000020004ab8                PROVIDE (_end = .)
                0x0000000020004cb8                . = (. + _Min_Heap_Size)
 *fill*         0x0000000020004ab8      0x200 
                0x00000000200050b8                . = (. + _Min_Stack_Size)
 *fill*         0x0000000020004cb8      0x400 
                0x00000000200050b8                . = ALIGN (0x8)

/DISCARD/
 libc.a(*)
 libm.a(*)
 libgcc.a(*)

.ARM.attributes
                0x0000000000000000       0x30
 *(.ARM.attributes)
 .ARM.attributes
                0x0000000000000000       0x22 c:/st/stm32cubeide_1.5.0/stm32cubeide/plugins/com.st.stm32cube.ide.mcu.externaltools.gnu-tools-for-stm32.7-2018-q2-update.win32_1.5.0.202011040924/tools/bin/../lib/gcc/arm-none-eabi/7.3.1/thumb/v7e-m/fpv4-sp/hard/crti.o
 .ARM.attributes
                0x0000000000000022       0x34 c:/st/stm32cubeide_1.5.0/stm32cubeide/plugins/com.st.stm32cube.ide.mcu.externaltools.gnu-tools-for-stm32.7-2018-q2-update.win32_1.5.0.202011040924/tools/bin/../lib/gcc/arm-none-eabi/7.3.1/thumb/v7e-m/fpv4-sp/hard/crtbegin.o
 .ARM.attributes
                0x0000000000000056       0x39 Core/Src/freertos.o
 .ARM.attributes
                0x000000000000008f       0x39 Core/Src/main.o
 .ARM.attributes
                0x00000000000000c8       0x39 Core/Src/retarget.o
 .ARM.attributes
                0x0000000000000101       0x39 Core/Src/stm32f4xx_hal_msp.o
 .ARM.attributes
                0x000000000000013a       0x39 Core/Src/stm32f4xx_it.o
 .ARM.attributes
                0x0000000000000173       0x39 Core/Src/sysmem.o
 .ARM.attributes
                0x00000000000001ac       0x39 Core/Src/system_stm32f4xx.o
 .ARM.attributes
                0x00000000000001e5       0x21 Core/Startup/startup_stm32f411retx.o
 .ARM.attributes
                0x0000000000000206       0x39 Drivers/STM32F4xx_HAL_Driver/Src/stm32f4xx_hal.o
 .ARM.attributes
                0x000000000000023f       0x39 Drivers/STM32F4xx_HAL_Driver/Src/stm32f4xx_hal_cortex.o
 .ARM.attributes
                0x0000000000000278       0x39 Drivers/STM32F4xx_HAL_Driver/Src/stm32f4xx_hal_gpio.o
 .ARM.attributes
                0x00000000000002b1       0x39 Drivers/STM32F4xx_HAL_Driver/Src/stm32f4xx_hal_rcc.o
 .ARM.attributes
                0x00000000000002ea       0x39 Drivers/STM32F4xx_HAL_Driver/Src/stm32f4xx_hal_uart.o
 .ARM.attributes
                0x0000000000000323       0x39 Middlewares/Third_Party/FreeRTOS/Source/CMSIS_RTOS/cmsis_os.o
 .ARM.attributes
                0x000000000000035c       0x39 Middlewares/Third_Party/FreeRTOS/Source/list.o
 .ARM.attributes
                0x0000000000000395       0x39 Middlewares/Third_Party/FreeRTOS/Source/tasks.o
 .ARM.attributes
                0x00000000000003ce       0x39 Middlewares/Third_Party/FreeRTOS/Source/portable/GCC/ARM_CM4F/port.o
 .ARM.attributes
                0x0000000000000407       0x39 Middlewares/Third_Party/FreeRTOS/Source/portable/MemMang/heap_4.o
 .ARM.attributes
                0x0000000000000440       0x39 SrcInterface/baroInterface.o
 .ARM.attributes
                0x0000000000000479       0x39 SrcInterface/genericInterface.o
 .ARM.attributes
                0x00000000000004b2       0x39 SrcPSP/acquisition.o
 .ARM.attributes
                0x00000000000004eb       0x39 SrcPSP/common.o
 .ARM.attributes
                0x0000000000000524       0x34 c:/st/stm32cubeide_1.5.0/stm32cubeide/plugins/com.st.stm32cube.ide.mcu.externaltools.gnu-tools-for-stm32.7-2018-q2-update.win32_1.5.0.202011040924/tools/bin/../lib/gcc/arm-none-eabi/7.3.1/../../../../arm-none-eabi/lib/thumb/v7e-m/fpv4-sp/hard\libc_nano.a(lib_a-errno.o)
 .ARM.attributes
                0x0000000000000558       0x34 c:/st/stm32cubeide_1.5.0/stm32cubeide/plugins/com.st.stm32cube.ide.mcu.externaltools.gnu-tools-for-stm32.7-2018-q2-update.win32_1.5.0.202011040924/tools/bin/../lib/gcc/arm-none-eabi/7.3.1/../../../../arm-none-eabi/lib/thumb/v7e-m/fpv4-sp/hard\libc_nano.a(lib_a-impure.o)
 .ARM.attributes
                0x000000000000058c       0x34 c:/st/stm32cubeide_1.5.0/stm32cubeide/plugins/com.st.stm32cube.ide.mcu.externaltools.gnu-tools-for-stm32.7-2018-q2-update.win32_1.5.0.202011040924/tools/bin/../lib/gcc/arm-none-eabi/7.3.1/../../../../arm-none-eabi/lib/thumb/v7e-m/fpv4-sp/hard\libc_nano.a(lib_a-init.o)
 .ARM.attributes
                0x00000000000005c0       0x34 c:/st/stm32cubeide_1.5.0/stm32cubeide/plugins/com.st.stm32cube.ide.mcu.externaltools.gnu-tools-for-stm32.7-2018-q2-update.win32_1.5.0.202011040924/tools/bin/../lib/gcc/arm-none-eabi/7.3.1/../../../../arm-none-eabi/lib/thumb/v7e-m/fpv4-sp/hard\libc_nano.a(lib_a-malloc.o)
 .ARM.attributes
                0x00000000000005f4       0x34 c:/st/stm32cubeide_1.5.0/stm32cubeide/plugins/com.st.stm32cube.ide.mcu.externaltools.gnu-tools-for-stm32.7-2018-q2-update.win32_1.5.0.202011040924/tools/bin/../lib/gcc/arm-none-eabi/7.3.1/../../../../arm-none-eabi/lib/thumb/v7e-m/fpv4-sp/hard\libc_nano.a(lib_a-memset.o)
 .ARM.attributes
                0x0000000000000628       0x34 c:/st/stm32cubeide_1.5.0/stm32cubeide/plugins/com.st.stm32cube.ide.mcu.externaltools.gnu-tools-for-stm32.7-2018-q2-update.win32_1.5.0.202011040924/tools/bin/../lib/gcc/arm-none-eabi/7.3.1/../../../../arm-none-eabi/lib/thumb/v7e-m/fpv4-sp/hard\libc_nano.a(lib_a-nano-freer.o)
 .ARM.attributes
                0x000000000000065c       0x34 c:/st/stm32cubeide_1.5.0/stm32cubeide/plugins/com.st.stm32cube.ide.mcu.externaltools.gnu-tools-for-stm32.7-2018-q2-update.win32_1.5.0.202011040924/tools/bin/../lib/gcc/arm-none-eabi/7.3.1/../../../../arm-none-eabi/lib/thumb/v7e-m/fpv4-sp/hard\libc_nano.a(lib_a-nano-mallocr.o)
 .ARM.attributes
                0x0000000000000690       0x34 c:/st/stm32cubeide_1.5.0/stm32cubeide/plugins/com.st.stm32cube.ide.mcu.externaltools.gnu-tools-for-stm32.7-2018-q2-update.win32_1.5.0.202011040924/tools/bin/../lib/gcc/arm-none-eabi/7.3.1/../../../../arm-none-eabi/lib/thumb/v7e-m/fpv4-sp/hard\libc_nano.a(lib_a-printf.o)
 .ARM.attributes
                0x00000000000006c4       0x34 c:/st/stm32cubeide_1.5.0/stm32cubeide/plugins/com.st.stm32cube.ide.mcu.externaltools.gnu-tools-for-stm32.7-2018-q2-update.win32_1.5.0.202011040924/tools/bin/../lib/gcc/arm-none-eabi/7.3.1/../../../../arm-none-eabi/lib/thumb/v7e-m/fpv4-sp/hard\libc_nano.a(lib_a-puts.o)
 .ARM.attributes
                0x00000000000006f8       0x34 c:/st/stm32cubeide_1.5.0/stm32cubeide/plugins/com.st.stm32cube.ide.mcu.externaltools.gnu-tools-for-stm32.7-2018-q2-update.win32_1.5.0.202011040924/tools/bin/../lib/gcc/arm-none-eabi/7.3.1/../../../../arm-none-eabi/lib/thumb/v7e-m/fpv4-sp/hard\libc_nano.a(lib_a-sbrkr.o)
 .ARM.attributes
                0x000000000000072c       0x34 c:/st/stm32cubeide_1.5.0/stm32cubeide/plugins/com.st.stm32cube.ide.mcu.externaltools.gnu-tools-for-stm32.7-2018-q2-update.win32_1.5.0.202011040924/tools/bin/../lib/gcc/arm-none-eabi/7.3.1/../../../../arm-none-eabi/lib/thumb/v7e-m/fpv4-sp/hard\libc_nano.a(lib_a-setvbuf.o)
 .ARM.attributes
                0x0000000000000760       0x34 c:/st/stm32cubeide_1.5.0/stm32cubeide/plugins/com.st.stm32cube.ide.mcu.externaltools.gnu-tools-for-stm32.7-2018-q2-update.win32_1.5.0.202011040924/tools/bin/../lib/gcc/arm-none-eabi/7.3.1/../../../../arm-none-eabi/lib/thumb/v7e-m/fpv4-sp/hard\libc_nano.a(lib_a-wbuf.o)
 .ARM.attributes
                0x0000000000000794       0x34 c:/st/stm32cubeide_1.5.0/stm32cubeide/plugins/com.st.stm32cube.ide.mcu.externaltools.gnu-tools-for-stm32.7-2018-q2-update.win32_1.5.0.202011040924/tools/bin/../lib/gcc/arm-none-eabi/7.3.1/../../../../arm-none-eabi/lib/thumb/v7e-m/fpv4-sp/hard\libc_nano.a(lib_a-wsetup.o)
 .ARM.attributes
                0x00000000000007c8       0x34 c:/st/stm32cubeide_1.5.0/stm32cubeide/plugins/com.st.stm32cube.ide.mcu.externaltools.gnu-tools-for-stm32.7-2018-q2-update.win32_1.5.0.202011040924/tools/bin/../lib/gcc/arm-none-eabi/7.3.1/../../../../arm-none-eabi/lib/thumb/v7e-m/fpv4-sp/hard\libc_nano.a(lib_a-fflush.o)
 .ARM.attributes
                0x00000000000007fc       0x34 c:/st/stm32cubeide_1.5.0/stm32cubeide/plugins/com.st.stm32cube.ide.mcu.externaltools.gnu-tools-for-stm32.7-2018-q2-update.win32_1.5.0.202011040924/tools/bin/../lib/gcc/arm-none-eabi/7.3.1/../../../../arm-none-eabi/lib/thumb/v7e-m/fpv4-sp/hard\libc_nano.a(lib_a-findfp.o)
 .ARM.attributes
                0x0000000000000830       0x34 c:/st/stm32cubeide_1.5.0/stm32cubeide/plugins/com.st.stm32cube.ide.mcu.externaltools.gnu-tools-for-stm32.7-2018-q2-update.win32_1.5.0.202011040924/tools/bin/../lib/gcc/arm-none-eabi/7.3.1/../../../../arm-none-eabi/lib/thumb/v7e-m/fpv4-sp/hard\libc_nano.a(lib_a-fwalk.o)
 .ARM.attributes
                0x0000000000000864       0x34 c:/st/stm32cubeide_1.5.0/stm32cubeide/plugins/com.st.stm32cube.ide.mcu.externaltools.gnu-tools-for-stm32.7-2018-q2-update.win32_1.5.0.202011040924/tools/bin/../lib/gcc/arm-none-eabi/7.3.1/../../../../arm-none-eabi/lib/thumb/v7e-m/fpv4-sp/hard\libc_nano.a(lib_a-makebuf.o)
 .ARM.attributes
                0x0000000000000898       0x34 c:/st/stm32cubeide_1.5.0/stm32cubeide/plugins/com.st.stm32cube.ide.mcu.externaltools.gnu-tools-for-stm32.7-2018-q2-update.win32_1.5.0.202011040924/tools/bin/../lib/gcc/arm-none-eabi/7.3.1/../../../../arm-none-eabi/lib/thumb/v7e-m/fpv4-sp/hard\libc_nano.a(lib_a-mlock.o)
 .ARM.attributes
                0x00000000000008cc       0x34 c:/st/stm32cubeide_1.5.0/stm32cubeide/plugins/com.st.stm32cube.ide.mcu.externaltools.gnu-tools-for-stm32.7-2018-q2-update.win32_1.5.0.202011040924/tools/bin/../lib/gcc/arm-none-eabi/7.3.1/../../../../arm-none-eabi/lib/thumb/v7e-m/fpv4-sp/hard\libc_nano.a(lib_a-nano-vfprintf.o)
 .ARM.attributes
                0x0000000000000900       0x34 c:/st/stm32cubeide_1.5.0/stm32cubeide/plugins/com.st.stm32cube.ide.mcu.externaltools.gnu-tools-for-stm32.7-2018-q2-update.win32_1.5.0.202011040924/tools/bin/../lib/gcc/arm-none-eabi/7.3.1/../../../../arm-none-eabi/lib/thumb/v7e-m/fpv4-sp/hard\libc_nano.a(lib_a-nano-vfprintf_i.o)
 .ARM.attributes
                0x0000000000000934       0x34 c:/st/stm32cubeide_1.5.0/stm32cubeide/plugins/com.st.stm32cube.ide.mcu.externaltools.gnu-tools-for-stm32.7-2018-q2-update.win32_1.5.0.202011040924/tools/bin/../lib/gcc/arm-none-eabi/7.3.1/../../../../arm-none-eabi/lib/thumb/v7e-m/fpv4-sp/hard\libc_nano.a(lib_a-reent.o)
 .ARM.attributes
                0x0000000000000968       0x34 c:/st/stm32cubeide_1.5.0/stm32cubeide/plugins/com.st.stm32cube.ide.mcu.externaltools.gnu-tools-for-stm32.7-2018-q2-update.win32_1.5.0.202011040924/tools/bin/../lib/gcc/arm-none-eabi/7.3.1/../../../../arm-none-eabi/lib/thumb/v7e-m/fpv4-sp/hard\libc_nano.a(lib_a-stdio.o)
 .ARM.attributes
                0x000000000000099c       0x34 c:/st/stm32cubeide_1.5.0/stm32cubeide/plugins/com.st.stm32cube.ide.mcu.externaltools.gnu-tools-for-stm32.7-2018-q2-update.win32_1.5.0.202011040924/tools/bin/../lib/gcc/arm-none-eabi/7.3.1/../../../../arm-none-eabi/lib/thumb/v7e-m/fpv4-sp/hard\libc_nano.a(lib_a-writer.o)
 .ARM.attributes
                0x00000000000009d0       0x34 c:/st/stm32cubeide_1.5.0/stm32cubeide/plugins/com.st.stm32cube.ide.mcu.externaltools.gnu-tools-for-stm32.7-2018-q2-update.win32_1.5.0.202011040924/tools/bin/../lib/gcc/arm-none-eabi/7.3.1/../../../../arm-none-eabi/lib/thumb/v7e-m/fpv4-sp/hard\libc_nano.a(lib_a-closer.o)
 .ARM.attributes
                0x0000000000000a04       0x34 c:/st/stm32cubeide_1.5.0/stm32cubeide/plugins/com.st.stm32cube.ide.mcu.externaltools.gnu-tools-for-stm32.7-2018-q2-update.win32_1.5.0.202011040924/tools/bin/../lib/gcc/arm-none-eabi/7.3.1/../../../../arm-none-eabi/lib/thumb/v7e-m/fpv4-sp/hard\libc_nano.a(lib_a-fstatr.o)
 .ARM.attributes
                0x0000000000000a38       0x34 c:/st/stm32cubeide_1.5.0/stm32cubeide/plugins/com.st.stm32cube.ide.mcu.externaltools.gnu-tools-for-stm32.7-2018-q2-update.win32_1.5.0.202011040924/tools/bin/../lib/gcc/arm-none-eabi/7.3.1/../../../../arm-none-eabi/lib/thumb/v7e-m/fpv4-sp/hard\libc_nano.a(lib_a-isattyr.o)
 .ARM.attributes
                0x0000000000000a6c       0x34 c:/st/stm32cubeide_1.5.0/stm32cubeide/plugins/com.st.stm32cube.ide.mcu.externaltools.gnu-tools-for-stm32.7-2018-q2-update.win32_1.5.0.202011040924/tools/bin/../lib/gcc/arm-none-eabi/7.3.1/../../../../arm-none-eabi/lib/thumb/v7e-m/fpv4-sp/hard\libc_nano.a(lib_a-lseekr.o)
 .ARM.attributes
                0x0000000000000aa0       0x20 c:/st/stm32cubeide_1.5.0/stm32cubeide/plugins/com.st.stm32cube.ide.mcu.externaltools.gnu-tools-for-stm32.7-2018-q2-update.win32_1.5.0.202011040924/tools/bin/../lib/gcc/arm-none-eabi/7.3.1/../../../../arm-none-eabi/lib/thumb/v7e-m/fpv4-sp/hard\libc_nano.a(lib_a-memchr.o)
 .ARM.attributes
                0x0000000000000ac0       0x34 c:/st/stm32cubeide_1.5.0/stm32cubeide/plugins/com.st.stm32cube.ide.mcu.externaltools.gnu-tools-for-stm32.7-2018-q2-update.win32_1.5.0.202011040924/tools/bin/../lib/gcc/arm-none-eabi/7.3.1/../../../../arm-none-eabi/lib/thumb/v7e-m/fpv4-sp/hard\libc_nano.a(lib_a-readr.o)
 .ARM.attributes
                0x0000000000000af4       0x22 c:/st/stm32cubeide_1.5.0/stm32cubeide/plugins/com.st.stm32cube.ide.mcu.externaltools.gnu-tools-for-stm32.7-2018-q2-update.win32_1.5.0.202011040924/tools/bin/../lib/gcc/arm-none-eabi/7.3.1/thumb/v7e-m/fpv4-sp/hard\libgcc.a(_aeabi_uldivmod.o)
 .ARM.attributes
                0x0000000000000b16       0x34 c:/st/stm32cubeide_1.5.0/stm32cubeide/plugins/com.st.stm32cube.ide.mcu.externaltools.gnu-tools-for-stm32.7-2018-q2-update.win32_1.5.0.202011040924/tools/bin/../lib/gcc/arm-none-eabi/7.3.1/thumb/v7e-m/fpv4-sp/hard\libgcc.a(_udivmoddi4.o)
 .ARM.attributes
                0x0000000000000b4a       0x22 c:/st/stm32cubeide_1.5.0/stm32cubeide/plugins/com.st.stm32cube.ide.mcu.externaltools.gnu-tools-for-stm32.7-2018-q2-update.win32_1.5.0.202011040924/tools/bin/../lib/gcc/arm-none-eabi/7.3.1/thumb/v7e-m/fpv4-sp/hard\libgcc.a(_dvmd_tls.o)
 .ARM.attributes
                0x0000000000000b6c       0x22 c:/st/stm32cubeide_1.5.0/stm32cubeide/plugins/com.st.stm32cube.ide.mcu.externaltools.gnu-tools-for-stm32.7-2018-q2-update.win32_1.5.0.202011040924/tools/bin/../lib/gcc/arm-none-eabi/7.3.1/thumb/v7e-m/fpv4-sp/hard/crtn.o
OUTPUT(Nucleo.elf elf32-littlearm)

.debug_info     0x0000000000000000    0x15b67
 .debug_info    0x0000000000000000     0x10dc Core/Src/freertos.o
 .debug_info    0x00000000000010dc     0x1e1b Core/Src/main.o
 .debug_info    0x0000000000002ef7     0x11ce Core/Src/retarget.o
 .debug_info    0x00000000000040c5     0x1896 Core/Src/stm32f4xx_hal_msp.o
 .debug_info    0x000000000000595b      0xf94 Core/Src/stm32f4xx_it.o
 .debug_info    0x00000000000068ef      0x985 Core/Src/sysmem.o
 .debug_info    0x0000000000007274      0x57e Core/Src/system_stm32f4xx.o
 .debug_info    0x00000000000077f2       0x22 Core/Startup/startup_stm32f411retx.o
 .debug_info    0x0000000000007814      0x8d5 Drivers/STM32F4xx_HAL_Driver/Src/stm32f4xx_hal.o
 .debug_info    0x00000000000080e9      0xd98 Drivers/STM32F4xx_HAL_Driver/Src/stm32f4xx_hal_cortex.o
 .debug_info    0x0000000000008e81      0x7d7 Drivers/STM32F4xx_HAL_Driver/Src/stm32f4xx_hal_gpio.o
 .debug_info    0x0000000000009658      0x92a Drivers/STM32F4xx_HAL_Driver/Src/stm32f4xx_hal_rcc.o
 .debug_info    0x0000000000009f82     0x1244 Drivers/STM32F4xx_HAL_Driver/Src/stm32f4xx_hal_uart.o
 .debug_info    0x000000000000b1c6     0x1e8d Middlewares/Third_Party/FreeRTOS/Source/CMSIS_RTOS/cmsis_os.o
 .debug_info    0x000000000000d053      0xacb Middlewares/Third_Party/FreeRTOS/Source/list.o
 .debug_info    0x000000000000db1e     0x2584 Middlewares/Third_Party/FreeRTOS/Source/tasks.o
 .debug_info    0x00000000000100a2      0x533 Middlewares/Third_Party/FreeRTOS/Source/portable/GCC/ARM_CM4F/port.o
 .debug_info    0x00000000000105d5      0xbea Middlewares/Third_Party/FreeRTOS/Source/portable/MemMang/heap_4.o
 .debug_info    0x00000000000111bf     0x1085 SrcInterface/baroInterface.o
 .debug_info    0x0000000000012244     0x1049 SrcInterface/genericInterface.o
 .debug_info    0x000000000001328d     0x140b SrcPSP/acquisition.o
 .debug_info    0x0000000000014698     0x14cf SrcPSP/common.o

.debug_abbrev   0x0000000000000000     0x2fc0
 .debug_abbrev  0x0000000000000000      0x1de Core/Src/freertos.o
 .debug_abbrev  0x00000000000001de      0x305 Core/Src/main.o
 .debug_abbrev  0x00000000000004e3      0x201 Core/Src/retarget.o
 .debug_abbrev  0x00000000000006e4      0x217 Core/Src/stm32f4xx_hal_msp.o
 .debug_abbrev  0x00000000000008fb      0x1d6 Core/Src/stm32f4xx_it.o
 .debug_abbrev  0x0000000000000ad1      0x19b Core/Src/sysmem.o
 .debug_abbrev  0x0000000000000c6c      0x12b Core/Src/system_stm32f4xx.o
 .debug_abbrev  0x0000000000000d97       0x12 Core/Startup/startup_stm32f411retx.o
 .debug_abbrev  0x0000000000000da9      0x1f2 Drivers/STM32F4xx_HAL_Driver/Src/stm32f4xx_hal.o
 .debug_abbrev  0x0000000000000f9b      0x2fa Drivers/STM32F4xx_HAL_Driver/Src/stm32f4xx_hal_cortex.o
 .debug_abbrev  0x0000000000001295      0x1c9 Drivers/STM32F4xx_HAL_Driver/Src/stm32f4xx_hal_gpio.o
 .debug_abbrev  0x000000000000145e      0x245 Drivers/STM32F4xx_HAL_Driver/Src/stm32f4xx_hal_rcc.o
 .debug_abbrev  0x00000000000016a3      0x251 Drivers/STM32F4xx_HAL_Driver/Src/stm32f4xx_hal_uart.o
 .debug_abbrev  0x00000000000018f4      0x379 Middlewares/Third_Party/FreeRTOS/Source/CMSIS_RTOS/cmsis_os.o
 .debug_abbrev  0x0000000000001c6d      0x1cf Middlewares/Third_Party/FreeRTOS/Source/list.o
 .debug_abbrev  0x0000000000001e3c      0x338 Middlewares/Third_Party/FreeRTOS/Source/tasks.o
 .debug_abbrev  0x0000000000002174      0x210 Middlewares/Third_Party/FreeRTOS/Source/portable/GCC/ARM_CM4F/port.o
 .debug_abbrev  0x0000000000002384      0x29e Middlewares/Third_Party/FreeRTOS/Source/portable/MemMang/heap_4.o
 .debug_abbrev  0x0000000000002622      0x1fa SrcInterface/baroInterface.o
 .debug_abbrev  0x000000000000281c      0x1de SrcInterface/genericInterface.o
 .debug_abbrev  0x00000000000029fa      0x302 SrcPSP/acquisition.o
 .debug_abbrev  0x0000000000002cfc      0x2c4 SrcPSP/common.o

.debug_aranges  0x0000000000000000      0xcc0
 .debug_aranges
                0x0000000000000000       0x20 Core/Src/freertos.o
 .debug_aranges
                0x0000000000000020       0x60 Core/Src/main.o
 .debug_aranges
                0x0000000000000080       0x50 Core/Src/retarget.o
 .debug_aranges
                0x00000000000000d0       0x30 Core/Src/stm32f4xx_hal_msp.o
 .debug_aranges
                0x0000000000000100       0x50 Core/Src/stm32f4xx_it.o
 .debug_aranges
                0x0000000000000150       0x20 Core/Src/sysmem.o
 .debug_aranges
                0x0000000000000170       0x28 Core/Src/system_stm32f4xx.o
 .debug_aranges
                0x0000000000000198       0x28 Core/Startup/startup_stm32f411retx.o
 .debug_aranges
                0x00000000000001c0       0xf0 Drivers/STM32F4xx_HAL_Driver/Src/stm32f4xx_hal.o
 .debug_aranges
                0x00000000000002b0      0x118 Drivers/STM32F4xx_HAL_Driver/Src/stm32f4xx_hal_cortex.o
 .debug_aranges
                0x00000000000003c8       0x58 Drivers/STM32F4xx_HAL_Driver/Src/stm32f4xx_hal_gpio.o
 .debug_aranges
                0x0000000000000420       0x88 Drivers/STM32F4xx_HAL_Driver/Src/stm32f4xx_hal_rcc.o
 .debug_aranges
                0x00000000000004a8      0x1d0 Drivers/STM32F4xx_HAL_Driver/Src/stm32f4xx_hal_uart.o
 .debug_aranges
                0x0000000000000678      0x1d8 Middlewares/Third_Party/FreeRTOS/Source/CMSIS_RTOS/cmsis_os.o
 .debug_aranges
                0x0000000000000850       0x40 Middlewares/Third_Party/FreeRTOS/Source/list.o
 .debug_aranges
                0x0000000000000890      0x1b0 Middlewares/Third_Party/FreeRTOS/Source/tasks.o
 .debug_aranges
                0x0000000000000a40       0x80 Middlewares/Third_Party/FreeRTOS/Source/portable/GCC/ARM_CM4F/port.o
 .debug_aranges
                0x0000000000000ac0       0x50 Middlewares/Third_Party/FreeRTOS/Source/portable/MemMang/heap_4.o
 .debug_aranges
                0x0000000000000b10       0x28 SrcInterface/baroInterface.o
 .debug_aranges
                0x0000000000000b38       0x20 SrcInterface/genericInterface.o
 .debug_aranges
                0x0000000000000b58       0xc8 SrcPSP/acquisition.o
 .debug_aranges
                0x0000000000000c20       0xa0 SrcPSP/common.o

.debug_ranges   0x0000000000000000      0xb68
 .debug_ranges  0x0000000000000000       0x10 Core/Src/freertos.o
 .debug_ranges  0x0000000000000010       0x50 Core/Src/main.o
 .debug_ranges  0x0000000000000060       0x40 Core/Src/retarget.o
 .debug_ranges  0x00000000000000a0       0x20 Core/Src/stm32f4xx_hal_msp.o
 .debug_ranges  0x00000000000000c0       0x40 Core/Src/stm32f4xx_it.o
 .debug_ranges  0x0000000000000100       0x10 Core/Src/sysmem.o
 .debug_ranges  0x0000000000000110       0x18 Core/Src/system_stm32f4xx.o
 .debug_ranges  0x0000000000000128       0x20 Core/Startup/startup_stm32f411retx.o
 .debug_ranges  0x0000000000000148       0xe0 Drivers/STM32F4xx_HAL_Driver/Src/stm32f4xx_hal.o
 .debug_ranges  0x0000000000000228      0x108 Drivers/STM32F4xx_HAL_Driver/Src/stm32f4xx_hal_cortex.o
 .debug_ranges  0x0000000000000330       0x48 Drivers/STM32F4xx_HAL_Driver/Src/stm32f4xx_hal_gpio.o
 .debug_ranges  0x0000000000000378       0x78 Drivers/STM32F4xx_HAL_Driver/Src/stm32f4xx_hal_rcc.o
 .debug_ranges  0x00000000000003f0      0x1c0 Drivers/STM32F4xx_HAL_Driver/Src/stm32f4xx_hal_uart.o
 .debug_ranges  0x00000000000005b0      0x1c8 Middlewares/Third_Party/FreeRTOS/Source/CMSIS_RTOS/cmsis_os.o
 .debug_ranges  0x0000000000000778       0x30 Middlewares/Third_Party/FreeRTOS/Source/list.o
 .debug_ranges  0x00000000000007a8      0x1a0 Middlewares/Third_Party/FreeRTOS/Source/tasks.o
 .debug_ranges  0x0000000000000948       0x70 Middlewares/Third_Party/FreeRTOS/Source/portable/GCC/ARM_CM4F/port.o
 .debug_ranges  0x00000000000009b8       0x40 Middlewares/Third_Party/FreeRTOS/Source/portable/MemMang/heap_4.o
 .debug_ranges  0x00000000000009f8       0x18 SrcInterface/baroInterface.o
 .debug_ranges  0x0000000000000a10       0x10 SrcInterface/genericInterface.o
 .debug_ranges  0x0000000000000a20       0xb8 SrcPSP/acquisition.o
 .debug_ranges  0x0000000000000ad8       0x90 SrcPSP/common.o

.debug_macro    0x0000000000000000    0x1a63e
 .debug_macro   0x0000000000000000      0x423 Core/Src/freertos.o
 .debug_macro   0x0000000000000423      0xa5a Core/Src/freertos.o
 .debug_macro   0x0000000000000e7d      0x174 Core/Src/freertos.o
 .debug_macro   0x0000000000000ff1       0x22 Core/Src/freertos.o
 .debug_macro   0x0000000000001013       0x8e Core/Src/freertos.o
 .debug_macro   0x00000000000010a1       0x51 Core/Src/freertos.o
 .debug_macro   0x00000000000010f2       0xef Core/Src/freertos.o
 .debug_macro   0x00000000000011e1       0x6a Core/Src/freertos.o
 .debug_macro   0x000000000000124b      0x1df Core/Src/freertos.o
 .debug_macro   0x000000000000142a       0xe4 Core/Src/freertos.o
 .debug_macro   0x000000000000150e      0x15a Core/Src/freertos.o
 .debug_macro   0x0000000000001668       0xde Core/Src/freertos.o
 .debug_macro   0x0000000000001746       0x1c Core/Src/freertos.o
 .debug_macro   0x0000000000001762       0x26 Core/Src/freertos.o
 .debug_macro   0x0000000000001788      0x4e8 Core/Src/freertos.o
 .debug_macro   0x0000000000001c70       0xb5 Core/Src/freertos.o
 .debug_macro   0x0000000000001d25       0xaa Core/Src/freertos.o
 .debug_macro   0x0000000000001dcf      0x28e Core/Src/freertos.o
 .debug_macro   0x000000000000205d       0x2e Core/Src/freertos.o
 .debug_macro   0x000000000000208b       0x28 Core/Src/freertos.o
 .debug_macro   0x00000000000020b3       0x1c Core/Src/freertos.o
 .debug_macro   0x00000000000020cf       0x22 Core/Src/freertos.o
 .debug_macro   0x00000000000020f1       0xdf Core/Src/freertos.o
 .debug_macro   0x00000000000021d0     0x102d Core/Src/freertos.o
 .debug_macro   0x00000000000031fd      0x11f Core/Src/freertos.o
 .debug_macro   0x000000000000331c     0xb937 Core/Src/freertos.o
 .debug_macro   0x000000000000ec53       0x43 Core/Src/freertos.o
 .debug_macro   0x000000000000ec96     0x3659 Core/Src/freertos.o
 .debug_macro   0x00000000000122ef       0x5a Core/Src/freertos.o
 .debug_macro   0x0000000000012349      0x447 Core/Src/freertos.o
 .debug_macro   0x0000000000012790      0x9fe Core/Src/freertos.o
 .debug_macro   0x000000000001318e      0x117 Core/Src/freertos.o
 .debug_macro   0x00000000000132a5      0x11b Core/Src/freertos.o
 .debug_macro   0x00000000000133c0       0x27 Core/Src/freertos.o
 .debug_macro   0x00000000000133e7      0x15f Core/Src/freertos.o
 .debug_macro   0x0000000000013546      0x287 Core/Src/freertos.o
 .debug_macro   0x00000000000137cd       0x5f Core/Src/freertos.o
 .debug_macro   0x000000000001382c      0x236 Core/Src/freertos.o
 .debug_macro   0x0000000000013a62      0x132 Core/Src/freertos.o
 .debug_macro   0x0000000000013b94      0x264 Core/Src/freertos.o
 .debug_macro   0x0000000000013df8       0x2e Core/Src/freertos.o
 .debug_macro   0x0000000000013e26      0x11a Core/Src/freertos.o
 .debug_macro   0x0000000000013f40       0x85 Core/Src/freertos.o
 .debug_macro   0x0000000000013fc5       0x89 Core/Src/freertos.o
 .debug_macro   0x000000000001404e      0x287 Core/Src/freertos.o
 .debug_macro   0x00000000000142d5      0x126 Core/Src/freertos.o
 .debug_macro   0x00000000000143fb       0x22 Core/Src/freertos.o
 .debug_macro   0x000000000001441d       0x46 Core/Src/freertos.o
 .debug_macro   0x0000000000014463       0x18 Core/Src/freertos.o
 .debug_macro   0x000000000001447b       0x3c Core/Src/freertos.o
 .debug_macro   0x00000000000144b7       0x34 Core/Src/freertos.o
 .debug_macro   0x00000000000144eb       0x16 Core/Src/freertos.o
 .debug_macro   0x0000000000014501       0x35 Core/Src/freertos.o
 .debug_macro   0x0000000000014536      0x32a Core/Src/freertos.o
 .debug_macro   0x0000000000014860       0x10 Core/Src/freertos.o
 .debug_macro   0x0000000000014870       0x52 Core/Src/freertos.o
 .debug_macro   0x00000000000148c2       0x1f Core/Src/freertos.o
 .debug_macro   0x00000000000148e1       0x43 Core/Src/freertos.o
 .debug_macro   0x0000000000014924       0x20 Core/Src/freertos.o
 .debug_macro   0x0000000000014944      0x1a3 Core/Src/freertos.o
 .debug_macro   0x0000000000014ae7       0x10 Core/Src/freertos.o
 .debug_macro   0x0000000000014af7       0x1c Core/Src/freertos.o
 .debug_macro   0x0000000000014b13       0x52 Core/Src/freertos.o
 .debug_macro   0x0000000000014b65       0x40 Core/Src/freertos.o
 .debug_macro   0x0000000000014ba5       0x10 Core/Src/freertos.o
 .debug_macro   0x0000000000014bb5       0x40 Core/Src/freertos.o
 .debug_macro   0x0000000000014bf5       0xd7 Core/Src/freertos.o
 .debug_macro   0x0000000000014ccc       0x1c Core/Src/freertos.o
 .debug_macro   0x0000000000014ce8       0x3d Core/Src/freertos.o
 .debug_macro   0x0000000000014d25       0x16 Core/Src/freertos.o
 .debug_macro   0x0000000000014d3b      0x145 Core/Src/freertos.o
 .debug_macro   0x0000000000014e80       0x16 Core/Src/freertos.o
 .debug_macro   0x0000000000014e96       0x16 Core/Src/freertos.o
 .debug_macro   0x0000000000014eac       0x29 Core/Src/freertos.o