acquisition.c:63:6:setup_A	8	static
acquisition.c:103:5:loop_A	8	static
acquisition.c:164:6:gpsSetup_A	8	static
acquisition.c:186:6:bmpSetup_A	8	static
acquisition.c:207:6:imuSetup_A	8	static
acquisition.c:228:6:alaSetup_A	8	static
acquisition.c:253:6:gpsRead_A	16	static
acquisition.c:495:6:bmpRead_A	16	static
acquisition.c:535:6:imuRead_A	8	static
acquisition.c:553:6:checkStatus_A	8	static
acquisition.c:632:6:sendUpdate_A	8	static
acquisition.c:658:6:updateLeds_A	8	static
acquisition.c:691:6:_addNmeaData	32	static
acquisition.c:763:5:_getNmeaType	8	static
acquisition.c:788:6:_loadGpsData	4	static
acquisition.c:812:6:_splitNmea	16	static
acquisition.c:833:6:_findNmeaAddr	24	static
acquisition.c:852:6:_clearNmea	24	static
acquisition.c:869:6:__printGpsData	16	static
acquisition.c:891:6:__setNmea	16	static
acquisition.c:905:6:__printNmea	8	static
acquisition.c:918:7:__getFloat	24	static
acquisition.c:925:6:__debug	8	static
