acquisition.c:65:6:setup_A	8	static
acquisition.c:105:5:loop_A	8	static
acquisition.c:166:6:gpsSetup_A	4	static
acquisition.c:189:6:bmpSetup_A	8	static
acquisition.c:212:6:imuSetup_A	4	static
acquisition.c:235:6:alaSetup_A	4	static
acquisition.c:262:6:gpsRead_A	8	static
acquisition.c:515:6:bmpRead_A	16	static
acquisition.c:555:6:imuRead_A	8	static
acquisition.c:573:6:checkStatus_A	8	static
acquisition.c:652:6:sendUpdate_A	8	static
acquisition.c:678:6:updateLeds_A	8	static
acquisition.c:711:6:_addNmeaData	32	static
acquisition.c:776:5:_getNmeaType	8	static
acquisition.c:801:6:_loadGpsData	4	static
acquisition.c:825:6:_splitNmea	16	static
acquisition.c:846:6:_findNmeaAddr	24	static
acquisition.c:865:6:_clearNmea	24	static
acquisition.c:883:6:__setNmea	16	static
acquisition.c:897:6:__printNmea	8	static
acquisition.c:910:7:__getFloat	24	static
acquisition.c:917:6:__debug	8	static
