acquisition.c:85:6:setup_A	32	static
acquisition.c:138:5:loop_A	8	static
acquisition.c:199:6:gpsSetup_A	8	static
acquisition.c:221:6:bmpSetup_A	8	static
acquisition.c:242:6:imuSetup_A	4	static
acquisition.c:263:6:alaSetup_A	4	static
acquisition.c:288:6:gpsRead_A	8	static
acquisition.c:530:6:bmpRead_A	16	static
acquisition.c:570:6:imuRead_A	8	static
acquisition.c:592:6:checkStatus_A	8	static
acquisition.c:671:6:sendUpdate_A	8	static
acquisition.c:697:6:updateLeds_A	8	static
acquisition.c:734:6:_addNmeaData	32	static
acquisition.c:806:5:_getNmeaType	8	static
acquisition.c:831:6:_loadGpsData	8	static
acquisition.c:857:6:_splitNmea	16	static
acquisition.c:878:6:_findNmeaAddr	24	static
acquisition.c:897:6:_clearNmea	24	static
acquisition.c:914:6:__printGpsData	16	static
acquisition.c:936:6:__setNmea	16	static
acquisition.c:950:6:__printNmea	8	static
acquisition.c:963:7:__getFloat	24	static
acquisition.c:970:6:__debug	8	static
