acquisition.c:86:6:setup_A	32	static
acquisition.c:139:5:loop_A	8	static
acquisition.c:200:6:gpsSetup_A	8	static
acquisition.c:222:6:bmpSetup_A	8	static
acquisition.c:243:6:imuSetup_A	4	static
acquisition.c:264:6:alaSetup_A	4	static
acquisition.c:289:6:gpsRead_A	8	static
acquisition.c:531:6:bmpRead_A	16	static
acquisition.c:571:6:imuRead_A	8	static
acquisition.c:595:6:checkStatus_A	8	static
acquisition.c:674:6:sendUpdate_A	8	static
acquisition.c:700:6:updateLeds_A	8	static
acquisition.c:737:6:_addNmeaData	32	static
acquisition.c:809:5:_getNmeaType	8	static
acquisition.c:834:6:_loadGpsData	8	static
acquisition.c:860:6:_splitNmea	16	static
acquisition.c:881:6:_findNmeaAddr	24	static
acquisition.c:900:6:_clearNmea	24	static
acquisition.c:917:6:__printGpsData	16	static
acquisition.c:939:6:__setNmea	16	static
acquisition.c:953:6:__printNmea	8	static
acquisition.c:966:7:__getFloat	24	static
acquisition.c:973:6:__debug	8	static
