common.c:36:17:createAltitudeList	32	static
common.c:47:12:createALAList	32	static
common.c:58:26:createStaticOrientationList	32	static
common.c:69:5:setupLinkedLists	8	static
common.c:77:5:freeAltitudeList	24	static
common.c:90:5:freeALAList	24	static
common.c:103:5:freeStaticOrientationList	24	static
common.c:116:5:freeAllLists	16	static
common.c:126:5:insertNewAltitude	24	static
common.c:140:5:insertNewALA	24	static
common.c:154:5:insertNewStaticOrientation	24	static
common.c:168:7:calcAvgAlt	24	static
common.c:200:6:getTimeStamp	8	static
common.c:218:6:retryTakeDelay	16	static
