controlLogic.c:12:6:loop_C	16	static
controlLogic.c:35:6:modeLogic_C	8	static
controlLogic.c:77:6:prelaunchLogic_C	4	static
controlLogic.c:95:6:launchLogic_C	4	static
controlLogic.c:111:6:ascentLogic_C	4	static
controlLogic.c:127:6:descentDrogueLogic_C	4	static
controlLogic.c:143:6:descentMainLogic_C	4	static
controlLogic.c:159:6:touchdownLogic_C	4	static
controlLogic.c:176:6:determineMode_C	16	static
controlLogic.c:215:6:checkPrelaunchTrans_C	4	static
controlLogic.c:233:6:checkLaunchTrans_C	4	static
controlLogic.c:251:6:checkAscentTrans_C	4	static
controlLogic.c:268:6:checkDescentDrogueTrans_C	4	static
controlLogic.c:285:6:checkDescentMainTrans_C	4	static
controlLogic.c:302:6:checkProgramEnd_C	4	static
